Component: ARM Compiler 5.06 update 6 (build 750) Tool: armlink [4d35ed]

==============================================================================

Section Cross References

    startup_stm32f103xb.o(RESET) refers to startup_stm32f103xb.o(STACK) for __initial_sp
    startup_stm32f103xb.o(RESET) refers to startup_stm32f103xb.o(.text) for Reset_Handler
    startup_stm32f103xb.o(RESET) refers to stm32f1xx_it.o(i.NMI_Handler) for NMI_Handler
    startup_stm32f103xb.o(RESET) refers to stm32f1xx_it.o(i.HardFault_Handler) for HardFault_Handler
    startup_stm32f103xb.o(RESET) refers to stm32f1xx_it.o(i.MemManage_Handler) for MemManage_Handler
    startup_stm32f103xb.o(RESET) refers to stm32f1xx_it.o(i.BusFault_Handler) for BusFault_Handler
    startup_stm32f103xb.o(RESET) refers to stm32f1xx_it.o(i.UsageFault_Handler) for UsageFault_Handler
    startup_stm32f103xb.o(RESET) refers to stm32f1xx_it.o(i.SVC_Handler) for SVC_Handler
    startup_stm32f103xb.o(RESET) refers to stm32f1xx_it.o(i.DebugMon_Handler) for DebugMon_Handler
    startup_stm32f103xb.o(RESET) refers to stm32f1xx_it.o(i.PendSV_Handler) for PendSV_Handler
    startup_stm32f103xb.o(RESET) refers to stm32f1xx_it.o(i.SysTick_Handler) for SysTick_Handler
    startup_stm32f103xb.o(RESET) refers to stm32f1xx_it.o(i.EXTI0_IRQHandler) for EXTI0_IRQHandler
    startup_stm32f103xb.o(RESET) refers to stm32f1xx_it.o(i.EXTI2_IRQHandler) for EXTI2_IRQHandler
    startup_stm32f103xb.o(RESET) refers to stm32f1xx_it.o(i.TIM3_IRQHandler) for TIM3_IRQHandler
    startup_stm32f103xb.o(.text) refers to system_stm32f1xx.o(i.SystemInit) for SystemInit
    startup_stm32f103xb.o(.text) refers to entry.o(.ARM.Collect$$$$00000000) for __main
    logger.o(i.hex2Str) refers to logger.o(.bss) for .bss
    logger.o(i.hex2Str) refers to logger.o(.data) for .data
    logger.o(i.logUsartInit) refers to logger.o(.data) for .data
    logger.o(i.logUsartTx) refers to stm32f1xx_hal_uart.o(i.HAL_UART_Transmit) for HAL_UART_Transmit
    logger.o(i.logUsartTx) refers to logger.o(.data) for .data
    demo.o(i.demoActivateP2P) refers to rfal_nfcdep.o(i.rfalNfcDepInitialize) for rfalNfcDepInitialize
    demo.o(i.demoActivateP2P) refers to rfal_nfcdep.o(i.rfalNfcDepInitiatorHandleActivation) for rfalNfcDepInitiatorHandleActivation
    demo.o(i.demoActivateP2P) refers to demo.o(.data) for .data
    demo.o(i.demoCycle) refers to stm32f1xx_hal_gpio.o(i.HAL_GPIO_ReadPin) for HAL_GPIO_ReadPin
    demo.o(i.demoCycle) refers to rfal_rfst25r3911.o(i.rfalWakeUpModeHasWoke) for rfalWakeUpModeHasWoke
    demo.o(i.demoCycle) refers to rfal_rfst25r3911.o(i.rfalWakeUpModeStop) for rfalWakeUpModeStop
    demo.o(i.demoCycle) refers to rfal_rfst25r3911.o(i.rfalFieldOff) for rfalFieldOff
    demo.o(i.demoCycle) refers to stm32f1xx_hal.o(i.HAL_Delay) for HAL_Delay
    demo.o(i.demoCycle) refers to printf5.o(i.__0printf$5) for __2printf
    demo.o(i.demoCycle) refers to rfal_rfst25r3911.o(i.rfalWakeUpModeStart) for rfalWakeUpModeStart
    demo.o(i.demoCycle) refers to demo.o(i.demoPollAP2P) for demoPollAP2P
    demo.o(i.demoCycle) refers to demo.o(i.demoPollNFCA) for demoPollNFCA
    demo.o(i.demoCycle) refers to demo.o(i.demoPollNFCB) for demoPollNFCB
    demo.o(i.demoCycle) refers to rfal_st25tb.o(i.rfalSt25tbPollerInitialize) for rfalSt25tbPollerInitialize
    demo.o(i.demoCycle) refers to rfal_rfst25r3911.o(i.rfalFieldOnAndStartGT) for rfalFieldOnAndStartGT
    demo.o(i.demoCycle) refers to rfal_st25tb.o(i.rfalSt25tbPollerCheckPresence) for rfalSt25tbPollerCheckPresence
    demo.o(i.demoCycle) refers to rfal_st25tb.o(i.rfalSt25tbPollerCollisionResolution) for rfalSt25tbPollerCollisionResolution
    demo.o(i.demoCycle) refers to logger.o(i.hex2Str) for hex2Str
    demo.o(i.demoCycle) refers to demo.o(i.demoPollNFCF) for demoPollNFCF
    demo.o(i.demoCycle) refers to demo.o(i.demoPollNFCV) for demoPollNFCV
    demo.o(i.demoCycle) refers to demo.o(.data) for .data
    demo.o(i.demoIsoDepBlockingTxRx) refers to memmovea.o(.text) for __aeabi_memmove
    demo.o(i.demoIsoDepBlockingTxRx) refers to rfal_isodep.o(i.rfalIsoDepStartApduTransceive) for rfalIsoDepStartApduTransceive
    demo.o(i.demoIsoDepBlockingTxRx) refers to rfal_rfst25r3911.o(i.rfalWorker) for rfalWorker
    demo.o(i.demoIsoDepBlockingTxRx) refers to rfal_isodep.o(i.rfalIsoDepGetApduTransceiveStatus) for rfalIsoDepGetApduTransceiveStatus
    demo.o(i.demoIsoDepBlockingTxRx) refers to logger.o(i.hex2Str) for hex2Str
    demo.o(i.demoIsoDepBlockingTxRx) refers to printf5.o(i.__0printf$5) for __2printf
    demo.o(i.demoIsoDepBlockingTxRx) refers to demo.o(.bss) for .bss
    demo.o(i.demoNfcDepBlockingTxRx) refers to memmovea.o(.text) for __aeabi_memmove
    demo.o(i.demoNfcDepBlockingTxRx) refers to rfal_nfcdep.o(i.rfalNfcDepStartTransceive) for rfalNfcDepStartTransceive
    demo.o(i.demoNfcDepBlockingTxRx) refers to rfal_rfst25r3911.o(i.rfalWorker) for rfalWorker
[...]
    _ll_shift_l                              0x080002b1   Thumb Code     0  llshl.o(.text)
    BSP_SD_GetCardInfo                       0x080002d1   Thumb Code    92  sd_card_drive.o(i.BSP_SD_GetCardInfo)
    BSP_SD_GetCardState                      0x08000331   Thumb Code    50  sd_card_drive.o(i.BSP_SD_GetCardState)
    BSP_SD_Init                              0x08000365   Thumb Code    38  sd_card_drive.o(i.BSP_SD_Init)
    BSP_SD_ReadBlocks                        0x08000391   Thumb Code   194  sd_card_drive.o(i.BSP_SD_ReadBlocks)
    BSP_SD_WriteBlocks                       0x08000459   Thumb Code   242  sd_card_drive.o(i.BSP_SD_WriteBlocks)
    Browser_display                          0x08000551   Thumb Code  2702  browser.o(i.Browser_display)
    Browser_paper_clean_full                 0x08001091   Thumb Code    34  browser.o(i.Browser_paper_clean_full)
    Browser_save_fileame                     0x080010b5   Thumb Code   166  browser.o(i.Browser_save_fileame)
    BusFault_Handler                         0x08001185   Thumb Code     2  stm32f1xx_it.o(i.BusFault_Handler)
    DEV_SPI_ReadByte                         0x08001189   Thumb Code    22  dev_config.o(i.DEV_SPI_ReadByte)
    DEV_SPI_WriteByte                        0x080011a5   Thumb Code    18  dev_config.o(i.DEV_SPI_WriteByte)
    DebugMon_Handler                         0x080011bd   Thumb Code     2  stm32f1xx_it.o(i.DebugMon_Handler)
    EXTI0_IRQHandler                         0x080011bf   Thumb Code    16  stm32f1xx_it.o(i.EXTI0_IRQHandler)
    EXTI2_IRQHandler                         0x080011d1   Thumb Code    22  stm32f1xx_it.o(i.EXTI2_IRQHandler)
    Error_Handler                            0x08001201   Thumb Code     2  main.o(i.Error_Handler)
    FATFS_LinkDriver                         0x08001203   Thumb Code     6  ff_gen_drv.o(i.FATFS_LinkDriver)
    FATFS_LinkDriverEx                       0x08001209   Thumb Code    60  ff_gen_drv.o(i.FATFS_LinkDriverEx)
    GREEN_LED_Turn                           0x08001249   Thumb Code    36  browser.o(i.GREEN_LED_Turn)
    HAL_Delay                                0x08001271   Thumb Code    32  stm32f1xx_hal.o(i.HAL_Delay)
    HAL_GPIO_EXTI_Callback                   0x08001295   Thumb Code     2  stm32f1xx_hal_gpio.o(i.HAL_GPIO_EXTI_Callback)
    HAL_GPIO_EXTI_IRQHandler                 0x08001299   Thumb Code    18  stm32f1xx_hal_gpio.o(i.HAL_GPIO_EXTI_IRQHandler)
    HAL_GPIO_Init                            0x080012b1   Thumb Code   446  stm32f1xx_hal_gpio.o(i.HAL_GPIO_Init)
    HAL_GPIO_ReadPin                         0x08001491   Thumb Code    10  stm32f1xx_hal_gpio.o(i.HAL_GPIO_ReadPin)
    HAL_GPIO_WritePin                        0x0800149b   Thumb Code    10  stm32f1xx_hal_gpio.o(i.HAL_GPIO_WritePin)
    HAL_GetTick                              0x080014a5   Thumb Code     6  stm32f1xx_hal.o(i.HAL_GetTick)
    HAL_IncTick                              0x080014b1   Thumb Code    12  stm32f1xx_hal.o(i.HAL_IncTick)
    HAL_Init                                 0x080014c1   Thumb Code    32  stm32f1xx_hal.o(i.HAL_Init)
    HAL_InitTick                             0x080014e5   Thumb Code    54  stm32f1xx_hal.o(i.HAL_InitTick)
    HAL_MspInit                              0x08001525   Thumb Code    52  stm32f1xx_hal_msp.o(i.HAL_MspInit)
    HAL_NVIC_DisableIRQ                      0x08001561   Thumb Code    34  stm32f1xx_hal_cortex.o(i.HAL_NVIC_DisableIRQ)
    HAL_NVIC_EnableIRQ                       0x08001583   Thumb Code    26  stm32f1xx_hal_cortex.o(i.HAL_NVIC_EnableIRQ)
    HAL_NVIC_SetPriority                     0x0800159d   Thumb Code    60  stm32f1xx_hal_cortex.o(i.HAL_NVIC_SetPriority)
    HAL_NVIC_SetPriorityGrouping             0x080015dd   Thumb Code    26  stm32f1xx_hal_cortex.o(i.HAL_NVIC_SetPriorityGrouping)
    HAL_RCC_ClockConfig                      0x08001601   Thumb Code   280  stm32f1xx_hal_rcc.o(i.HAL_RCC_ClockConfig)
    HAL_RCC_GetPCLK1Freq                     0x0800172d   Thumb Code    20  stm32f1xx_hal_rcc.o(i.HAL_RCC_GetPCLK1Freq)
    HAL_RCC_GetPCLK2Freq                     0x0800174d   Thumb Code    20  stm32f1xx_hal_rcc.o(i.HAL_RCC_GetPCLK2Freq)
    HAL_RCC_GetSysClockFreq                  0x0800176d   Thumb Code    74  stm32f1xx_hal_rcc.o(i.HAL_RCC_GetSysClockFreq)
    HAL_RCC_OscConfig                        0x080017d9   Thumb Code   778  stm32f1xx_hal_rcc.o(i.HAL_RCC_OscConfig)
    HAL_SPI_Init                             0x08001af9   Thumb Code   124  stm32f1xx_hal_spi.o(i.HAL_SPI_Init)
    HAL_SPI_MspInit                          0x08001b75   Thumb Code   162  spi.o(i.HAL_SPI_MspInit)
    HAL_SPI_Receive                          0x08001c2d   Thumb Code   336  stm32f1xx_hal_spi.o(i.HAL_SPI_Receive)
    HAL_SPI_Transmit                         0x08001d7d   Thumb Code   348  stm32f1xx_hal_spi.o(i.HAL_SPI_Transmit)
    HAL_SPI_TransmitReceive                  0x08001ed9   Thumb Code   482  stm32f1xx_hal_spi.o(i.HAL_SPI_TransmitReceive)
    HAL_SYSTICK_Config                       0x080020bb   Thumb Code    40  stm32f1xx_hal_cortex.o(i.HAL_SYSTICK_Config)
    HAL_TIMEx_BreakCallback                  0x080020e3   Thumb Code     2  stm32f1xx_hal_tim_ex.o(i.HAL_TIMEx_BreakCallback)
    HAL_TIMEx_CommutCallback                 0x080020e5   Thumb Code     2  stm32f1xx_hal_tim_ex.o(i.HAL_TIMEx_CommutCallback)
    HAL_TIMEx_MasterConfigSynchronization    0x080020e7   Thumb Code    66  stm32f1xx_hal_tim_ex.o(i.HAL_TIMEx_MasterConfigSynchronization)
    HAL_TIM_Base_Init                        0x08002129   Thumb Code    54  stm32f1xx_hal_tim.o(i.HAL_TIM_Base_Init)
    HAL_TIM_Base_MspInit                     0x08002161   Thumb Code    50  tim.o(i.HAL_TIM_Base_MspInit)
    HAL_TIM_Base_Start_IT                    0x0800219d   Thumb Code    34  stm32f1xx_hal_tim.o(i.HAL_TIM_Base_Start_IT)
    HAL_TIM_ConfigClockSource                0x080021bf   Thumb Code   214  stm32f1xx_hal_tim.o(i.HAL_TIM_ConfigClockSource)
    HAL_TIM_IC_CaptureCallback               0x08002295   Thumb Code     2  stm32f1xx_hal_tim.o(i.HAL_TIM_IC_CaptureCallback)
    HAL_TIM_IRQHandler                       0x08002297   Thumb Code   358  stm32f1xx_hal_tim.o(i.HAL_TIM_IRQHandler)
    HAL_TIM_OC_DelayElapsedCallback          0x080023fd   Thumb Code     2  stm32f1xx_hal_tim.o(i.HAL_TIM_OC_DelayElapsedCallback)
    HAL_TIM_PWM_PulseFinishedCallback        0x080023ff   Thumb Code     2  stm32f1xx_hal_tim.o(i.HAL_TIM_PWM_PulseFinishedCallback)
    HAL_TIM_PeriodElapsedCallback            0x08002401   Thumb Code    34  tim.o(i.HAL_TIM_PeriodElapsedCallback)
    HAL_TIM_TriggerCallback                  0x0800242d   Thumb Code     2  stm32f1xx_hal_tim.o(i.HAL_TIM_TriggerCallback)
    HAL_UART_Init                            0x0800242f   Thumb Code    98  stm32f1xx_hal_uart.o(i.HAL_UART_Init)
    HAL_UART_MspInit                         0x08002491   Thumb Code    98  usart.o(i.HAL_UART_MspInit)
    HAL_UART_Transmit                        0x08002501   Thumb Code   186  stm32f1xx_hal_uart.o(i.HAL_UART_Transmit)
    HardFault_Handler                        0x080025bd   Thumb Code    18  stm32f1xx_it.o(i.HardFault_Handler)
    MX_FATFS_Init                            0x080025e9   Thumb Code    18  fatfs.o(i.MX_FATFS_Init)
    MX_GPIO_Init                             0x08002605   Thumb Code   346  gpio.o(i.MX_GPIO_Init)
    MX_SPI1_Init                             0x08002779   Thumb Code    62  spi.o(i.MX_SPI1_Init)
    MX_SPI2_Init                             0x080027c1   Thumb Code    62  spi.o(i.MX_SPI2_Init)
    MX_TIM3_Init                             0x08002809   Thumb Code    98  tim.o(i.MX_TIM3_Init)
    MX_USART2_UART_Init                      0x08002875   Thumb Code    48  usart.o(i.MX_USART2_UART_Init)
    MemManage_Handler                        0x080028ad   Thumb Code     2  stm32f1xx_it.o(i.MemManage_Handler)
    NMI_Handler                              0x080028af   Thumb Code     2  stm32f1xx_it.o(i.NMI_Handler)
    PendSV_Handler                           0x080028b1   Thumb Code     2  stm32f1xx_it.o(i.PendSV_Handler)
    Picture_Bit_Depth                        0x080028b5   Thumb Code    98  sd_card_app.o(i.Picture_Bit_Depth)
    ReadKey                                  0x08002981   Thumb Code   184  key.o(i.ReadKey)
    Read_RAM                                 0x08002a3d   Thumb Code    46  browser.o(i.Read_RAM)
    Read_RedRAM                              0x08002a75   Thumb Code    76  browser.o(i.Read_RedRAM)
    SDCard_Init                              0x08002ac9   Thumb Code   106  sd_card_app.o(i.SDCard_Init)
    SDCard_ReadBMP                           0x08002c71   Thumb Code    54  sd_card_app.o(i.SDCard_ReadBMP)
    SDCard_ReadBMP_Bitmap                    0x08002cad   Thumb Code   392  sd_card_app.o(i.SDCard_ReadBMP_Bitmap)
    SDCard_ReadBMP_RGB                       0x08002f15   Thumb Code   426  sd_card_app.o(i.SDCard_ReadBMP_RGB)
    SD_IO_CSState                            0x080035ed   Thumb Code    22  sd_card_interface.o(i.SD_IO_CSState)
    SD_IO_WriteByte                          0x08003609   Thumb Code    34  sd_card_interface.o(i.SD_IO_WriteByte)
    SD_IO_WriteReadData                      0x08003631   Thumb Code    34  sd_card_interface.o(i.SD_IO_WriteReadData)
    SPIRAM_RD_Byte                           0x08003775   Thumb Code    64  spi_ram.o(i.SPIRAM_RD_Byte)
    SPIRAM_WR_Byte                           0x080037b9   Thumb Code    66  spi_ram.o(i.SPIRAM_WR_Byte)
    SVC_Handler                              0x08003911   Thumb Code     2  stm32f1xx_it.o(i.SVC_Handler)
    Show_Progress                            0x08003915   Thumb Code    78  browser.o(i.Show_Progress)
    SpiInit                                  0x08003975   Thumb Code     6  spi.o(i.SpiInit)
    SpiTxRx                                  0x08003981   Thumb Code    60  spi.o(i.SpiTxRx)
    Start_Dawring                            0x080039c1   Thumb Code  3510  browser.o(i.Start_Dawring)
    Start_Dawring_1in54B                     0x08004891   Thumb Code   584  browser.o(i.Start_Dawring_1in54B)
    SysTick_Handler                          0x08004b91   Thumb Code     4  stm32f1xx_it.o(i.SysTick_Handler)
    SystemClock_Config                       0x08004b95   Thumb Code    90  main.o(i.SystemClock_Config)
    SystemInit                               0x08004bf1   Thumb Code    56  system_stm32f1xx.o(i.SystemInit)
    TIM3_IRQHandler                          0x08004c39   Thumb Code     6  stm32f1xx_it.o(i.TIM3_IRQHandler)
    TIM_Base_SetConfig                       0x08004c45   Thumb Code    94  stm32f1xx_hal_tim.o(i.TIM_Base_SetConfig)
    TIM_ETR_SetConfig                        0x08004cb1   Thumb Code    20  stm32f1xx_hal_tim.o(i.TIM_ETR_SetConfig)
    USER_initialize                          0x08004e39   Thumb Code    26  user_diskio.o(i.USER_initialize)
    USER_ioctl                               0x08004e59   Thumb Code    74  user_diskio.o(i.USER_ioctl)
    USER_read                                0x08004ea9   Thumb Code    52  user_diskio.o(i.USER_read)
    USER_status                              0x08004ee5   Thumb Code    26  user_diskio.o(i.USER_status)
    USER_write                               0x08004f05   Thumb Code    52  user_diskio.o(i.USER_write)
    UsageFault_Handler                       0x08004f41   Thumb Code     2  stm32f1xx_it.o(i.UsageFault_Handler)
    __0printf$5                              0x08004f45   Thumb Code    22  printf5.o(i.__0printf$5)
    __1printf$5                              0x08004f45   Thumb Code     0  printf5.o(i.__0printf$5)
    __2printf                                0x08004f45   Thumb Code     0  printf5.o(i.__0printf$5)
    __scatterload_copy                       0x08004f85   Thumb Code    14  handlers.o(i.__scatterload_copy)
    __scatterload_null                       0x08004f93   Thumb Code     2  handlers.o(i.__scatterload_null)
    __scatterload_zeroinit                   0x08004f95   Thumb Code    14  handlers.o(i.__scatterload_zeroinit)
    clust2sect                               0x0800538f   Thumb Code    30  ff.o(i.clust2sect)
    demoCycle                                0x080056ed   Thumb Code   256  demo.o(i.demoCycle)
    disk_initialize                          0x08006569   Thumb Code    36  diskio.o(i.disk_initialize)
    disk_ioctl                               0x08006591   Thumb Code    24  diskio.o(i.disk_ioctl)
    disk_read                                0x080065ad   Thumb Code    24  diskio.o(i.disk_read)
    disk_status                              0x080065c9   Thumb Code    18  diskio.o(i.disk_status)
    disk_write                               0x080065e1   Thumb Code    24  diskio.o(i.disk_write)
    f_close                                  0x080065fd   Thumb Code    42  ff.o(i.f_close)
    f_lseek                                  0x08006629   Thumb Code   644  ff.o(i.f_lseek)
    f_mount                                  0x080068ad   Thumb Code    88  ff.o(i.f_mount)
    f_open                                   0x08006909   Thumb Code   418  ff.o(i.f_open)
    f_opendir                                0x08006ab1   Thumb Code   154  ff.o(i.f_opendir)
    f_read                                   0x08006b51   Thumb Code   396  ff.o(i.f_read)
    f_readdir                                0x08006cdd   Thumb Code    88  ff.o(i.f_readdir)
    f_sync                                   0x08006d39   Thumb Code   184  ff.o(i.f_sync)
    fail_interface                           0x08006df1   Thumb Code    44  browser.o(i.fail_interface)
    ff_convert                               0x08006e59   Thumb Code    52  ccsbcs.o(i.ff_convert)
    ff_wtoupper                              0x08006e91   Thumb Code    28  ccsbcs.o(i.ff_wtoupper)
    fputc                                    0x08007181   Thumb Code    20  usart.o(i.fputc)
    free                                     0x08007199   Thumb Code    76  malloc.o(i.free)
    get_fat                                  0x08007269   Thumb Code   194  ff.o(i.get_fat)
    get_fattime                              0x0800732b   Thumb Code     4  fatfs.o(i.get_fattime)
    hex2Str                                  0x08007431   Thumb Code   112  logger.o(i.hex2Str)
    iso15693PhyConfigure                     0x0800755d   Thumb Code    28  rfal_iso15693_2.o(i.iso15693PhyConfigure)
    iso15693VCDCode                          0x08007639   Thumb Code   382  rfal_iso15693_2.o(i.iso15693VCDCode)
    iso15693VICCDecode                       0x080077c5   Thumb Code   300  rfal_iso15693_2.o(i.iso15693VICCDecode)
    main                                     0x08008005   Thumb Code   182  main.o(i.main)
    malloc                                   0x0800814d   Thumb Code    92  malloc.o(i.malloc)
    put_fat                                  0x08008c71   Thumb Code   248  ff.o(i.put_fat)
    rfalAnalogConfigInitialize               0x08008dd9   Thumb Code    18  rfal_analogconfig.o(i.rfalAnalogConfigInitialize)
    rfalCalibrate                            0x08008df5   Thumb Code    78  rfal_rfst25r3911.o(i.rfalCalibrate)
    rfalChipChangeRegBits                    0x08008e49   Thumb Code    12  rfal_rfst25r3911.o(i.rfalChipChangeRegBits)
    rfalChipChangeTestRegBits                0x08008e55   Thumb Code    12  rfal_rfst25r3911.o(i.rfalChipChangeTestRegBits)
    rfalCrcCalculateCcitt                    0x08008e89   Thumb Code    40  rfal_crc.o(i.rfalCrcCalculateCcitt)
    rfalFeliCaPoll                           0x08008fdd   Thumb Code   258  rfal_rfst25r3911.o(i.rfalFeliCaPoll)
    rfalFieldOff                             0x080090e5   Thumb Code    22  rfal_rfst25r3911.o(i.rfalFieldOff)
    rfalFieldOnAndStartGT                    0x08009101   Thumb Code   106  rfal_rfst25r3911.o(i.rfalFieldOnAndStartGT)
    rfalGetBitRate                           0x08009171   Thumb Code    30  rfal_rfst25r3911.o(i.rfalGetBitRate)
    rfalGetTransceiveStatus                  0x08009195   Thumb Code    14  rfal_rfst25r3911.o(i.rfalGetTransceiveStatus)
    rfalISO14443ATransceiveAnticollisionFrame 0x080091a9   Thumb Code   260  rfal_rfst25r3911.o(i.rfalISO14443ATransceiveAnticollisionFrame)
    rfalISO14443ATransceiveShortFrame        0x080092b1   Thumb Code   348  rfal_rfst25r3911.o(i.rfalISO14443ATransceiveShortFrame)
    rfalISO15693TransceiveAnticollisionEOF   0x08009415   Thumb Code    18  rfal_rfst25r3911.o(i.rfalISO15693TransceiveAnticollisionEOF)
    rfalISO15693TransceiveAnticollisionFrame 0x08009429   Thumb Code   106  rfal_rfst25r3911.o(i.rfalISO15693TransceiveAnticollisionFrame)
    rfalInitialize                           0x08009499   Thumb Code   128  rfal_rfst25r3911.o(i.rfalInitialize)
    rfalIsExtFieldOn                         0x0800951d   Thumb Code    10  rfal_rfst25r3911.o(i.rfalIsExtFieldOn)
    rfalIsGTExpired                          0x08009529   Thumb Code    20  rfal_rfst25r3911.o(i.rfalIsGTExpired)
    rfalIsoDepATTRIB                         0x08009541   Thumb Code   182  rfal_isodep.o(i.rfalIsoDepATTRIB)
    rfalIsoDepDeselect                       0x080096f1   Thumb Code    88  rfal_isodep.o(i.rfalIsoDepDeselect)
    rfalIsoDepFSxI2FSx                       0x0800974d   Thumb Code    54  rfal_isodep.o(i.rfalIsoDepFSxI2FSx)
    rfalIsoDepFWI2FWT                        0x08009783   Thumb Code    26  rfal_isodep.o(i.rfalIsoDepFWI2FWT)
    rfalIsoDepGetApduTransceiveStatus        0x0800979d   Thumb Code   190  rfal_isodep.o(i.rfalIsoDepGetApduTransceiveStatus)
    rfalIsoDepGetMaxInfLen                   0x08009861   Thumb Code    34  rfal_isodep.o(i.rfalIsoDepGetMaxInfLen)
    rfalIsoDepGetTransceiveStatus            0x08009889   Thumb Code    20  rfal_isodep.o(i.rfalIsoDepGetTransceiveStatus)
    rfalIsoDepInitialize                     0x080098a1   Thumb Code    82  rfal_isodep.o(i.rfalIsoDepInitialize)
    rfalIsoDepPPS                            0x080098f9   Thumb Code   104  rfal_isodep.o(i.rfalIsoDepPPS)
    rfalIsoDepPollAHandleActivation          0x08009965   Thumb Code   364  rfal_isodep.o(i.rfalIsoDepPollAHandleActivation)
    rfalIsoDepPollBHandleActivation          0x08009ad5   Thumb Code   290  rfal_isodep.o(i.rfalIsoDepPollBHandleActivation)
    rfalIsoDepRATS                           0x08009c01   Thumb Code   106  rfal_isodep.o(i.rfalIsoDepRATS)
    rfalIsoDepStartApduTransceive            0x08009c95   Thumb Code   102  rfal_isodep.o(i.rfalIsoDepStartApduTransceive)
    rfalIsoDepStartTransceive                0x08009d01   Thumb Code   110  rfal_isodep.o(i.rfalIsoDepStartTransceive)
    rfalListenSetState                       0x08009d75   Thumb Code   264  rfal_rfst25r3911.o(i.rfalListenSetState)
    rfalNfcDepATR                            0x08009e85   Thumb Code   240  rfal_nfcdep.o(i.rfalNfcDepATR)
    rfalNfcDepCalculateRWT                   0x08009f79   Thumb Code    18  rfal_nfcdep.o(i.rfalNfcDepCalculateRWT)
    rfalNfcDepGetTransceiveStatus            0x08009f8d   Thumb Code    10  rfal_nfcdep.o(i.rfalNfcDepGetTransceiveStatus)
    rfalNfcDepInitialize                     0x08009f9d   Thumb Code    70  rfal_nfcdep.o(i.rfalNfcDepInitialize)
    rfalNfcDepInitiatorHandleActivation      0x08009fe9   Thumb Code   244  rfal_nfcdep.o(i.rfalNfcDepInitiatorHandleActivation)
    rfalNfcDepPSL                            0x0800a0e1   Thumb Code    90  rfal_nfcdep.o(i.rfalNfcDepPSL)
    rfalNfcDepStartTransceive                0x0800a145   Thumb Code    82  rfal_nfcdep.o(i.rfalNfcDepStartTransceive)
    rfalNfcaPollerCheckPresence              0x0800a1b5   Thumb Code    42  rfal_nfca.o(i.rfalNfcaPollerCheckPresence)
    rfalNfcaPollerFullCollisionResolution    0x0800a1df   Thumb Code   344  rfal_nfca.o(i.rfalNfcaPollerFullCollisionResolution)
    rfalNfcaPollerInitialize                 0x0800a339   Thumb Code    48  rfal_nfca.o(i.rfalNfcaPollerInitialize)
    rfalNfcaPollerSingleCollisionResolution  0x0800a36d   Thumb Code   450  rfal_nfca.o(i.rfalNfcaPollerSingleCollisionResolution)
    rfalNfcaPollerSleep                      0x0800a52f   Thumb Code    48  rfal_nfca.o(i.rfalNfcaPollerSleep)
    rfalNfcaPollerTechnologyDetection        0x0800a561   Thumb Code    40  rfal_nfca.o(i.rfalNfcaPollerTechnologyDetection)
    rfalNfcbPollerCheckPresence              0x0800a5a5   Thumb Code   138  rfal_nfcb.o(i.rfalNfcbPollerCheckPresence)
    rfalNfcbPollerCollisionResolution        0x0800a635   Thumb Code    20  rfal_nfcb.o(i.rfalNfcbPollerCollisionResolution)
    rfalNfcbPollerCollisionResolutionSlotted 0x0800a649   Thumb Code   482  rfal_nfcb.o(i.rfalNfcbPollerCollisionResolutionSlotted)
    rfalNfcbPollerInitialize                 0x0800a82d   Thumb Code    54  rfal_nfcb.o(i.rfalNfcbPollerInitialize)
    rfalNfcbPollerSleep                      0x0800a86d   Thumb Code    72  rfal_nfcb.o(i.rfalNfcbPollerSleep)
    rfalNfcbPollerSlotMarker                 0x0800a8b9   Thumb Code    88  rfal_nfcb.o(i.rfalNfcbPollerSlotMarker)
    rfalNfcbTR2ToFDT                         0x0800a915   Thumb Code    12  rfal_nfcb.o(i.rfalNfcbTR2ToFDT)
    rfalNfcfPollerCheckPresence              0x0800aa11   Thumb Code    36  rfal_nfcf.o(i.rfalNfcfPollerCheckPresence)
    rfalNfcfPollerCollisionResolution        0x0800aa39   Thumb Code   158  rfal_nfcf.o(i.rfalNfcfPollerCollisionResolution)
    rfalNfcfPollerInitialize                 0x0800aadd   Thumb Code    60  rfal_nfcf.o(i.rfalNfcfPollerInitialize)
    rfalNfcfPollerPoll                       0x0800ab1d   Thumb Code    22  rfal_nfcf.o(i.rfalNfcfPollerPoll)
    rfalNfcvPollerCollisionResolution        0x0800ab33   Thumb Code   292  rfal_nfcv.o(i.rfalNfcvPollerCollisionResolution)
    rfalNfcvPollerInitialize                 0x0800ac59   Thumb Code    48  rfal_nfcv.o(i.rfalNfcvPollerInitialize)
    rfalNfcvPollerInventory                  0x0800ac8d   Thumb Code   130  rfal_nfcv.o(i.rfalNfcvPollerInventory)
    rfalSetAnalogConfig                      0x0800af09   Thumb Code   204  rfal_analogconfig.o(i.rfalSetAnalogConfig)
    rfalSetBitRate                           0x0800afd9   Thumb Code   354  rfal_rfst25r3911.o(i.rfalSetBitRate)
    rfalSetErrorHandling                     0x0800b141   Thumb Code     6  rfal_rfst25r3911.o(i.rfalSetErrorHandling)
    rfalSetFDTListen                         0x0800b14d   Thumb Code    16  rfal_rfst25r3911.o(i.rfalSetFDTListen)
    rfalSetFDTPoll                           0x0800b161   Thumb Code    14  rfal_rfst25r3911.o(i.rfalSetFDTPoll)
    rfalSetGT                                0x0800b179   Thumb Code    14  rfal_rfst25r3911.o(i.rfalSetGT)
    rfalSetMode                              0x0800b191   Thumb Code   384  rfal_rfst25r3911.o(i.rfalSetMode)
    rfalSt25tbPollerCheckPresence            0x0800b315   Thumb Code    40  rfal_st25tb.o(i.rfalSt25tbPollerCheckPresence)
    rfalSt25tbPollerCollisionResolution      0x0800b33d   Thumb Code   266  rfal_st25tb.o(i.rfalSt25tbPollerCollisionResolution)
    rfalSt25tbPollerGetUID                   0x0800b447   Thumb Code    52  rfal_st25tb.o(i.rfalSt25tbPollerGetUID)
    rfalSt25tbPollerInitialize               0x0800b47b   Thumb Code     4  rfal_st25tb.o(i.rfalSt25tbPollerInitialize)
    rfalSt25tbPollerInitiate                 0x0800b47f   Thumb Code    68  rfal_st25tb.o(i.rfalSt25tbPollerInitiate)
    rfalSt25tbPollerPcall                    0x0800b4c3   Thumb Code    58  rfal_st25tb.o(i.rfalSt25tbPollerPcall)
    rfalSt25tbPollerSelect                   0x0800b4fd   Thumb Code    66  rfal_st25tb.o(i.rfalSt25tbPollerSelect)
    rfalSt25tbPollerSlotMarker               0x0800b53f   Thumb Code    66  rfal_st25tb.o(i.rfalSt25tbPollerSlotMarker)
    rfalStartTransceive                      0x0800b581   Thumb Code   330  rfal_rfst25r3911.o(i.rfalStartTransceive)
    rfalT1TPollerInitialize                  0x0800b6dd   Thumb Code    48  rfal_t1t.o(i.rfalT1TPollerInitialize)
    rfalT1TPollerRid                         0x0800b70d   Thumb Code    82  rfal_t1t.o(i.rfalT1TPollerRid)
    rfalTransceiveBlockingRx                 0x0800b761   Thumb Code    46  rfal_rfst25r3911.o(i.rfalTransceiveBlockingRx)
    rfalTransceiveBlockingTx                 0x0800b795   Thumb Code    62  rfal_rfst25r3911.o(i.rfalTransceiveBlockingTx)
    rfalTransceiveBlockingTxRx               0x0800b7d3   Thumb Code    40  rfal_rfst25r3911.o(i.rfalTransceiveBlockingTxRx)
    rfalWakeUpModeHasWoke                    0x0800be85   Thumb Code    18  rfal_rfst25r3911.o(i.rfalWakeUpModeHasWoke)
    rfalWakeUpModeStart                      0x0800be9d   Thumb Code   400  rfal_rfst25r3911.o(i.rfalWakeUpModeStart)
    rfalWakeUpModeStop                       0x0800c031   Thumb Code    52  rfal_rfst25r3911.o(i.rfalWakeUpModeStop)
    rfalWorker                               0x0800c069   Thumb Code   108  rfal_rfst25r3911.o(i.rfalWorker)
    ssd1306_clear_screen                     0x0800c0d9   Thumb Code    70  ssd1306.o(i.ssd1306_clear_screen)
    ssd1306_display_char                     0x0800c125   Thumb Code   138  ssd1306.o(i.ssd1306_display_char)
    ssd1306_display_string                   0x0800c1b9   Thumb Code    88  ssd1306.o(i.ssd1306_display_string)
    ssd1306_draw_bitmap                      0x0800c211   Thumb Code    94  ssd1306.o(i.ssd1306_draw_bitmap)
    ssd1306_draw_line                        0x0800c26f   Thumb Code    54  ssd1306.o(i.ssd1306_draw_line)
    ssd1306_draw_point                       0x0800c2a5   Thumb Code    54  ssd1306.o(i.ssd1306_draw_point)
    ssd1306_init                             0x0800c2e1   Thumb Code   286  ssd1306.o(i.ssd1306_init)
    ssd1306_refresh_gram                     0x0800c405   Thumb Code    70  ssd1306.o(i.ssd1306_refresh_gram)
    st25r3911AdjustRegulators                0x0800c4a1   Thumb Code   106  st25r3911.o(i.st25r3911AdjustRegulators)
    st25r3911CalibrateAntenna                0x0800c50b   Thumb Code    12  st25r3911.o(i.st25r3911CalibrateAntenna)
    st25r3911ChangeRegisterBits              0x0800c517   Thumb Code     6  st25r3911_com.o(i.st25r3911ChangeRegisterBits)
    st25r3911ChangeTestRegisterBits          0x0800c51d   Thumb Code    34  st25r3911_com.o(i.st25r3911ChangeTestRegisterBits)
    st25r3911CheckChipID                     0x0800c53f   Thumb Code    46  st25r3911.o(i.st25r3911CheckChipID)
    st25r3911CheckForReceivedInterrupts      0x0800c56d   Thumb Code    68  st25r3911_interrupt.o(i.st25r3911CheckForReceivedInterrupts)
    st25r3911CheckReg                        0x0800c5b9   Thumb Code    36  st25r3911.o(i.st25r3911CheckReg)
    st25r3911ClearInterrupts                 0x0800c5dd   Thumb Code    32  st25r3911_interrupt.o(i.st25r3911ClearInterrupts)
    st25r3911ClrRegisterBits                 0x0800c601   Thumb Code    30  st25r3911_com.o(i.st25r3911ClrRegisterBits)
    st25r3911DisableInterrupts               0x0800c61f   Thumb Code     8  st25r3911_interrupt.o(i.st25r3911DisableInterrupts)
    st25r3911EnableInterrupts                0x0800c627   Thumb Code     6  st25r3911_interrupt.o(i.st25r3911EnableInterrupts)
    st25r3911ExecuteCommand                  0x0800c62d   Thumb Code    60  st25r3911_com.o(i.st25r3911ExecuteCommand)
    st25r3911ExecuteCommands                 0x0800c6d1   Thumb Code    54  st25r3911_com.o(i.st25r3911ExecuteCommands)
    st25r3911GetInterrupt                    0x0800c70d   Thumb Code    32  st25r3911_interrupt.o(i.st25r3911GetInterrupt)
    st25r3911InitInterrupts                  0x0800c731   Thumb Code    14  st25r3911_interrupt.o(i.st25r3911InitInterrupts)
    st25r3911Initialize                      0x0800c745   Thumb Code    76  st25r3911.o(i.st25r3911Initialize)
    st25r3911Isr                             0x0800c791   Thumb Code    18  st25r3911_interrupt.o(i.st25r3911Isr)
    st25r3911MeasureAntennaResonance         0x0800c7a9   Thumb Code    12  st25r3911.o(i.st25r3911MeasureAntennaResonance)
    st25r3911MeasureRF                       0x0800c7b5   Thumb Code    12  st25r3911.o(i.st25r3911MeasureRF)
    st25r3911MeasureVoltage                  0x0800c7c1   Thumb Code    62  st25r3911.o(i.st25r3911MeasureVoltage)
    st25r3911ModifyInterrupts                0x0800c801   Thumb Code    64  st25r3911_interrupt.o(i.st25r3911ModifyInterrupts)
    st25r3911ModifyRegister                  0x0800c845   Thumb Code    34  st25r3911_com.o(i.st25r3911ModifyRegister)
    st25r3911OscOn                           0x0800c867   Thumb Code    56  st25r3911.o(i.st25r3911OscOn)
    st25r3911PerformCollisionAvoidance       0x0800c89f   Thumb Code   138  st25r3911.o(i.st25r3911PerformCollisionAvoidance)
    st25r3911ReadFifo                        0x0800c929   Thumb Code    72  st25r3911_com.o(i.st25r3911ReadFifo)
    st25r3911ReadMultipleRegisters           0x0800c975   Thumb Code    70  st25r3911_com.o(i.st25r3911ReadMultipleRegisters)
    st25r3911ReadRegister                    0x0800c9c1   Thumb Code    76  st25r3911_com.o(i.st25r3911ReadRegister)
    st25r3911ReadTestRegister                0x0800ca11   Thumb Code    82  st25r3911_com.o(i.st25r3911ReadTestRegister)
    st25r3911SetBitrate                      0x0800ca69   Thumb Code    78  st25r3911.o(i.st25r3911SetBitrate)
    st25r3911SetGPTime_8fcs                  0x0800cab7   Thumb Code    24  st25r3911.o(i.st25r3911SetGPTime_8fcs)
    st25r3911SetNoResponseTime_64fcs         0x0800cad1   Thumb Code    68  st25r3911.o(i.st25r3911SetNoResponseTime_64fcs)
    st25r3911SetNumTxBits                    0x0800cb19   Thumb Code    26  st25r3911.o(i.st25r3911SetNumTxBits)
    st25r3911SetRegisterBits                 0x0800cb33   Thumb Code    30  st25r3911_com.o(i.st25r3911SetRegisterBits)
    st25r3911StartGPTimer_8fcs               0x0800cb51   Thumb Code    34  st25r3911.o(i.st25r3911StartGPTimer_8fcs)
    st25r3911StreamConfigure                 0x0800cb73   Thumb Code   104  st25r3911.o(i.st25r3911StreamConfigure)
    st25r3911TxRxOff                         0x0800cbdb   Thumb Code     8  st25r3911.o(i.st25r3911TxRxOff)
    st25r3911TxRxOn                          0x0800cbe3   Thumb Code     8  st25r3911.o(i.st25r3911TxRxOn)
    st25r3911WaitForInterruptsTimed          0x0800cbed   Thumb Code    56  st25r3911_interrupt.o(i.st25r3911WaitForInterruptsTimed)
    st25r3911WriteFifo                       0x0800cc29   Thumb Code    72  st25r3911_com.o(i.st25r3911WriteFifo)
    st25r3911WriteRegister                   0x0800cc75   Thumb Code    60  st25r3911_com.o(i.st25r3911WriteRegister)
    st25r3911WriteTestRegister               0x0800ccb5   Thumb Code    66  st25r3911_com.o(i.st25r3911WriteTestRegister)
    timerCalculateTimer                      0x0800ce3d   Thumb Code    12  timer.o(i.timerCalculateTimer)
    timerIsExpired                           0x0800ce49   Thumb Code    20  timer.o(i.timerIsExpired)
    AHBPrescTable                            0x0800ce8d   Data          16  system_stm32f1xx.o(.constdata)
    APBPrescTable                            0x0800ce9d   Data           8  system_stm32f1xx.o(.constdata)
    c_chFont1206                             0x0800d420   Data        1140  fonts.o(.constdata)
    c_chFont1608                             0x0800d894   Data        1584  fonts.o(.constdata)
    Model_selection                          0x0800ded0   Data          20  browser.o(.constdata)
    Model_string                             0x0800dee4   Data         210  browser.o(.constdata)
    length                                   0x0800dfb8   Data          32  browser.o(.constdata)
    rfalAnalogConfigDefaultSettings          0x0800dfd8   Data         399  rfal_analogconfig.o(.constdata)
    Region$$Table$$Base                      0x0800e1b8   Number         0  anon$$obj.o(Region$$Table)
    Region$$Table$$Limit                     0x0800e1d8   Number         0  anon$$obj.o(Region$$Table)
    hexStrIdx                                0x20000000   Data           1  logger.o(.data)
    pLogUsart                                0x20000004   Data           4  logger.o(.data)
    doBack_flag                              0x20000008   Data           1  demo.o(.data)
    USER_Driver                              0x20000088   Data          20  user_diskio.o(.data)
    retUSER                                  0x2000009c   Data           1  fatfs.o(.data)
    USERPath                                 0x2000009d   Data           4  fatfs.o(.data)
    pSpi                                     0x200000a4   Data           4  spi.o(.data)
    flag_300ms                               0x200000a8   Data           1  tim.o(.data)
    count                                    0x200000a9   Data           1  tim.o(.data)
    KEY_BACK_Value                           0x200000aa   Data           1  sd_card_app.o(.data)
    SdStatus                                 0x200000ac   Data           1  sd_card_drive.o(.data)
    flag_SDHC                                0x200000ae   Data           2  sd_card_drive.o(.data)
    uwTickFreq                               0x200000b0   Data           1  stm32f1xx_hal.o(.data)
    uwTickPrio                               0x200000b4   Data           4  stm32f1xx_hal.o(.data)
    uwTick                                   0x200000b8   Data           4  stm32f1xx_hal.o(.data)
    SystemCoreClock                          0x200000bc   Data           4  system_stm32f1xx.o(.data)
    file_sel                                 0x200000c8   Data           1  browser.o(.data)
    key_flag                                 0x200000c9   Data           1  browser.o(.data)
    Interface_flag                           0x200000ca   Data           1  browser.o(.data)
    file_num                                 0x200000cb   Data           1  browser.o(.data)
    fail_num                                 0x200000cc   Data           1  browser.o(.data)
    size_flag                                0x200000cd   Data           1  browser.o(.data)
    browser_cursor_old                       0x200000ce   Data           1  browser.o(.data)
    res                                      0x200000cf   Data           1  browser.o(.data)
    browser_cursor                           0x200000d0   Data           4  browser.o(.data)
    browser_paper                            0x200000d4   Data           4  browser.o(.data)
    Sort                                     0x200000d8   Data           4  browser.o(.data)
    last_filename                            0x200000dc   Data           4  browser.o(.data)
    pstr                                     0x200000e0   Data           4  browser.o(.data)
    gRfalNfcb                                0x200000f6   Data           2  rfal_nfcb.o(.data)
    __stdout                                 0x200000f8   Data           4  stdout.o(.data)
    __microlib_freelist                      0x200000fc   Data           4  mvars.o(.data)
    __microlib_freelist_initialised          0x20000100   Data           4  mvars.o(.data)
    hexStr                                   0x20000104   Data         512  logger.o(.bss)
    USERFatFS                                0x20000c68   Data         560  fatfs.o(.bss)
    hspi1                                    0x20000e98   Data          88  spi.o(.bss)
    hspi2                                    0x20000ef0   Data          88  spi.o(.bss)
    htim3                                    0x20000f48   Data          64  tim.o(.bss)
    huart2                                   0x20000f88   Data          64  usart.o(.bss)
    Paint_Image                              0x20000fc8   Data          18  gui_paint.o(.bss)
    USERDirectory                            0x20000fda   Data         550  sd_card_app.o(.bss)
    disk                                     0x20001418   Data          12  ff_gen_drv.o(.bss)
    dir                                      0x20001824   Data         552  browser.o(.bss)
    fileinfo                                 0x20001a4c   Data          32  browser.o(.bss)
    filename                                 0x20001a6c   Data        1500  browser.o(.bss)
    type                                     0x20002048   Data          20  browser.o(.bss)
    lfn                                      0x2000205c   Data          20  browser.o(.bss)
    st25r3911interrupt                       0x20002070   Data          16  st25r3911_interrupt.o(.bss)
    __heap_base                              0x200026c0   Data           0  startup_stm32f103xb.o(HEAP)
    __heap_limit                             0x20002ac0   Data           0  startup_stm32f103xb.o(HEAP)
    __initial_sp                             0x200032c0   Data           0  startup_stm32f103xb.o(STACK)



==============================================================================

Memory Map of the image

  Image Entry point : 0x080000ed

  Load Region LR_IROM1 (Base: 0x08000000, Size: 0x0000e2dc, Max: 0x00020000, ABSOLUTE)

    Execution Region ER_IROM1 (Exec base: 0x08000000, Load base: 0x08000000, Size: 0x0000e1d8, Max: 0x00020000, ABSOLUTE)

    Exec Addr    Load Addr    Size         Type   Attr      Idx    E Section Name        Object

    0x08000000   0x08000000   0x000000ec   Data   RO            3    RESET               startup_stm32f103xb.o
    0x080000ec   0x080000ec   0x00000000   Code   RO         6591  * .ARM.Collect$$$$00000000  mc_w.l(entry.o)
    0x080000ec   0x080000ec   0x00000004   Code   RO         6911    .ARM.Collect$$$$00000001  mc_w.l(entry2.o)
    0x080000f0   0x080000f0   0x00000004   Code   RO         6914    .ARM.Collect$$$$00000004  mc_w.l(entry5.o)
    0x080000f4   0x080000f4   0x00000000   Code   RO         6916    .ARM.Collect$$$$00000008  mc_w.l(entry7b.o)
    0x080000f4   0x080000f4   0x00000000   Code   RO         6918    .ARM.Collect$$$$0000000A  mc_w.l(entry8b.o)
    0x080000f4   0x080000f4   0x00000008   Code   RO         6919    .ARM.Collect$$$$0000000B  mc_w.l(entry9a.o)
    0x080000fc   0x080000fc   0x00000000   Code   RO         6921    .ARM.Collect$$$$0000000D  mc_w.l(entry10a.o)
    0x080000fc   0x080000fc   0x00000000   Code   RO         6923    .ARM.Collect$$$$0000000F  mc_w.l(entry11a.o)
    0x080000fc   0x080000fc   0x00000004   Code   RO         6912    .ARM.Collect$$$$00002712  mc_w.l(entry2.o)
    0x08000100   0x08000100   0x00000024   Code   RO            4    .text               startup_stm32f103xb.o
    0x08000124   0x08000124   0x00000020   Code   RO         6594    .text               mc_w.l(llushr.o)
    0x08000144   0x08000144   0x00000040   Code   RO         6598    .text               mc_w.l(memmovea.o)
    0x08000184   0x08000184   0x00000024   Code   RO         6600    .text               mc_w.l(memseta.o)
    0x080001a8   0x080001a8   0x0000001a   Code   RO         6602    .text               mc_w.l(memcmp.o)
    0x080001c2   0x080001c2   0x00000012   Code   RO         6604    .text               mc_w.l(strcpy.o)
    0x080001d4   0x080001d4   0x00000020   Code   RO         6608    .text               mc_w.l(strrchr.o)
    0x080001f4   0x080001f4   0x0000002a   Code   RO         6614    .text               mc_w.l(strcasecmp.o)
    0x0800021e   0x0800021e   0x00000062   Code   RO         6928    .text               mc_w.l(uldiv.o)
    0x08000280   0x08000280   0x0000000c   Code   RO         6930    .text               mc_w.l(tolower.o)
    0x0800028c   0x0800028c   0x00000024   Code   RO         6951    .text               mc_w.l(init.o)
    0x080002b0   0x080002b0   0x0000001e   Code   RO         6953    .text               mc_w.l(llshl.o)
    0x080002ce   0x080002ce   0x00000002   PAD
    0x080002d0   0x080002d0   0x00000060   Code   RO         1221    i.BSP_SD_GetCardInfo  sd_card_drive.o
    0x08000330   0x08000330   0x00000032   Code   RO         1222    i.BSP_SD_GetCardState  sd_card_drive.o
    0x08000362   0x08000362   0x00000002   PAD
    0x08000364   0x08000364   0x0000002c   Code   RO         1223    i.BSP_SD_Init       sd_card_drive.o
    0x08000390   0x08000390   0x000000c8   Code   RO         1224    i.BSP_SD_ReadBlocks  sd_card_drive.o
    0x08000458   0x08000458   0x000000f8   Code   RO         1225    i.BSP_SD_WriteBlocks  sd_card_drive.o
    0x08000550   0x08000550   0x00000b40   Code   RO         4646    i.Browser_display   browser.o
    0x08001090   0x08001090   0x00000022   Code   RO         4647    i.Browser_paper_clean_full  browser.o
    0x080010b2   0x080010b2   0x00000002   PAD
    0x080010b4   0x080010b4   0x000000d0   Code   RO         4649    i.Browser_save_fileame  browser.o
    0x08001184   0x08001184   0x00000002   Code   RO          800    i.BusFault_Handler  stm32f1xx_it.o
    0x08001186   0x08001186   0x00000002   PAD
    0x08001188   0x08001188   0x0000001c   Code   RO          939    i.DEV_SPI_ReadByte  dev_config.o
    0x080011a4   0x080011a4   0x00000018   Code   RO          940    i.DEV_SPI_WriteByte  dev_config.o
    0x080011bc   0x080011bc   0x00000002   Code   RO          801    i.DebugMon_Handler  stm32f1xx_it.o
    0x080011be   0x080011be   0x00000010   Code   RO          802    i.EXTI0_IRQHandler  stm32f1xx_it.o
    0x080011ce   0x080011ce   0x00000002   PAD
    0x080011d0   0x080011d0   0x00000030   Code   RO          803    i.EXTI2_IRQHandler  stm32f1xx_it.o
    0x08001200   0x08001200   0x00000002   Code   RO          307    i.Error_Handler     main.o
    0x08001202   0x08001202   0x00000006   Code   RO         4380    i.FATFS_LinkDriver  ff_gen_drv.o
    0x08001208   0x08001208   0x00000040   Code   RO         4381    i.FATFS_LinkDriverEx  ff_gen_drv.o
    0x08001248   0x08001248   0x00000028   Code   RO         4650    i.GREEN_LED_Turn    browser.o
    0x08001270   0x08001270   0x00000024   Code   RO         1402    i.HAL_Delay         stm32f1xx_hal.o
    0x08001294   0x08001294   0x00000002   Code   RO         1708    i.HAL_GPIO_EXTI_Callback  stm32f1xx_hal_gpio.o
    0x08001296   0x08001296   0x00000002   PAD
    0x08001298   0x08001298   0x00000018   Code   RO         1709    i.HAL_GPIO_EXTI_IRQHandler  stm32f1xx_hal_gpio.o
    0x080012b0   0x080012b0   0x000001e0   Code   RO         1710    i.HAL_GPIO_Init     stm32f1xx_hal_gpio.o
    0x08001490   0x08001490   0x0000000a   Code   RO         1712    i.HAL_GPIO_ReadPin  stm32f1xx_hal_gpio.o
    0x0800149a   0x0800149a   0x0000000a   Code   RO         1714    i.HAL_GPIO_WritePin  stm32f1xx_hal_gpio.o
    0x080014a4   0x080014a4   0x0000000c   Code   RO         1406    i.HAL_GetTick       stm32f1xx_hal.o
    0x080014b0   0x080014b0   0x00000010   Code   RO         1412    i.HAL_IncTick       stm32f1xx_hal.o
    0x080014c0   0x080014c0   0x00000024   Code   RO         1413    i.HAL_Init          stm32f1xx_hal.o
    0x080014e4   0x080014e4   0x00000040   Code   RO         1414    i.HAL_InitTick      stm32f1xx_hal.o
    0x08001524   0x08001524   0x0000003c   Code   RO          913    i.HAL_MspInit       stm32f1xx_hal_msp.o
    0x08001560   0x08001560   0x00000022   Code   RO         1869    i.HAL_NVIC_DisableIRQ  stm32f1xx_hal_cortex.o
    0x08001582   0x08001582   0x0000001a   Code   RO         1870    i.HAL_NVIC_EnableIRQ  stm32f1xx_hal_cortex.o
    0x0800159c   0x0800159c   0x00000040   Code   RO         1876    i.HAL_NVIC_SetPriority  stm32f1xx_hal_cortex.o
    0x080015dc   0x080015dc   0x00000024   Code   RO         1877    i.HAL_NVIC_SetPriorityGrouping  stm32f1xx_hal_cortex.o
    0x08001600   0x08001600   0x0000012c   Code   RO         1570    i.HAL_RCC_ClockConfig  stm32f1xx_hal_rcc.o
    0x0800172c   0x0800172c   0x00000020   Code   RO         1577    i.HAL_RCC_GetPCLK1Freq  stm32f1xx_hal_rcc.o
    0x0800174c   0x0800174c   0x00000020   Code   RO         1578    i.HAL_RCC_GetPCLK2Freq  stm32f1xx_hal_rcc.o
    0x0800176c   0x0800176c   0x0000006c   Code   RO         1579    i.HAL_RCC_GetSysClockFreq  stm32f1xx_hal_rcc.o
    0x080017d8   0x080017d8   0x00000320   Code   RO         1582    i.HAL_RCC_OscConfig  stm32f1xx_hal_rcc.o
    0x08001af8   0x08001af8   0x0000007c   Code   RO         2381    i.HAL_SPI_Init      stm32f1xx_hal_spi.o
    0x08001b74   0x08001b74   0x000000b8   Code   RO          643    i.HAL_SPI_MspInit   spi.o
    0x08001c2c   0x08001c2c   0x00000150   Code   RO         2384    i.HAL_SPI_Receive   stm32f1xx_hal_spi.o
    0x08001d7c   0x08001d7c   0x0000015c   Code   RO         2389    i.HAL_SPI_Transmit  stm32f1xx_hal_spi.o
    0x08001ed8   0x08001ed8   0x000001e2   Code   RO         2390    i.HAL_SPI_TransmitReceive  stm32f1xx_hal_spi.o
    0x080020ba   0x080020ba   0x00000028   Code   RO         1881    i.HAL_SYSTICK_Config  stm32f1xx_hal_cortex.o
    0x080020e2   0x080020e2   0x00000002   Code   RO         3369    i.HAL_TIMEx_BreakCallback  stm32f1xx_hal_tim_ex.o
    0x080020e4   0x080020e4   0x00000002   Code   RO         3370    i.HAL_TIMEx_CommutCallback  stm32f1xx_hal_tim_ex.o
    0x080020e6   0x080020e6   0x00000042   Code   RO         3387    i.HAL_TIMEx_MasterConfigSynchronization  stm32f1xx_hal_tim_ex.o
    0x08002128   0x08002128   0x00000036   Code   RO         2694    i.HAL_TIM_Base_Init  stm32f1xx_hal_tim.o
    0x0800215e   0x0800215e   0x00000002   PAD
    0x08002160   0x08002160   0x0000003c   Code   RO          704    i.HAL_TIM_Base_MspInit  tim.o
    0x0800219c   0x0800219c   0x00000022   Code   RO         2699    i.HAL_TIM_Base_Start_IT  stm32f1xx_hal_tim.o
    0x080021be   0x080021be   0x000000d6   Code   RO         2703    i.HAL_TIM_ConfigClockSource  stm32f1xx_hal_tim.o
    0x08002294   0x08002294   0x00000002   Code   RO         2723    i.HAL_TIM_IC_CaptureCallback  stm32f1xx_hal_tim.o
    0x08002296   0x08002296   0x00000166   Code   RO         2737    i.HAL_TIM_IRQHandler  stm32f1xx_hal_tim.o
    0x080023fc   0x080023fc   0x00000002   Code   RO         2740    i.HAL_TIM_OC_DelayElapsedCallback  stm32f1xx_hal_tim.o
    0x080023fe   0x080023fe   0x00000002   Code   RO         2767    i.HAL_TIM_PWM_PulseFinishedCallback  stm32f1xx_hal_tim.o
    0x08002400   0x08002400   0x0000002c   Code   RO          705    i.HAL_TIM_PeriodElapsedCallback  tim.o
    0x0800242c   0x0800242c   0x00000002   Code   RO         2780    i.HAL_TIM_TriggerCallback  stm32f1xx_hal_tim.o
    0x0800242e   0x0800242e   0x00000062   Code   RO         3645    i.HAL_UART_Init     stm32f1xx_hal_uart.o
    0x08002490   0x08002490   0x00000070   Code   RO          753    i.HAL_UART_MspInit  usart.o
    0x08002500   0x08002500   0x000000ba   Code   RO         3653    i.HAL_UART_Transmit  stm32f1xx_hal_uart.o
    0x080025ba   0x080025ba   0x00000002   PAD
    0x080025bc   0x080025bc   0x0000002c   Code   RO          804    i.HardFault_Handler  stm32f1xx_it.o
    0x080025e8   0x080025e8   0x0000001c   Code   RO          501    i.MX_FATFS_Init     fatfs.o
    0x08002604   0x08002604   0x00000174   Code   RO          412    i.MX_GPIO_Init      gpio.o
    0x08002778   0x08002778   0x00000048   Code   RO          644    i.MX_SPI1_Init      spi.o
    0x080027c0   0x080027c0   0x00000048   Code   RO          645    i.MX_SPI2_Init      spi.o
    0x08002808   0x08002808   0x0000006c   Code   RO          706    i.MX_TIM3_Init      tim.o
    0x08002874   0x08002874   0x00000038   Code   RO          754    i.MX_USART2_UART_Init  usart.o
    0x080028ac   0x080028ac   0x00000002   Code   RO          805    i.MemManage_Handler  stm32f1xx_it.o
    0x080028ae   0x080028ae   0x00000002   Code   RO          806    i.NMI_Handler       stm32f1xx_it.o
    0x080028b0   0x080028b0   0x00000002   Code   RO          807    i.PendSV_Handler    stm32f1xx_it.o
    0x080028b2   0x080028b2   0x00000002   PAD
    0x080028b4   0x080028b4   0x000000cc   Code   RO         1148    i.Picture_Bit_Depth  sd_card_app.o
    0x08002980   0x08002980   0x000000bc   Code   RO         4735    i.ReadKey           key.o
    0x08002a3c   0x08002a3c   0x00000038   Code   RO         4651    i.Read_RAM          browser.o
    0x08002a74   0x08002a74   0x00000054   Code   RO         4652    i.Read_RedRAM       browser.o
    0x08002ac8   0x08002ac8   0x000001a8   Code   RO         1149    i.SDCard_Init       sd_card_app.o
    0x08002c70   0x08002c70   0x0000003c   Code   RO         1150    i.SDCard_ReadBMP    sd_card_app.o
    0x08002cac   0x08002cac   0x00000268   Code   RO         1151    i.SDCard_ReadBMP_Bitmap  sd_card_app.o
    0x08002f14   0x08002f14   0x00000274   Code   RO         1152    i.SDCard_ReadBMP_RGB  sd_card_app.o
    0x08003188   0x08003188   0x000000fa   Code   RO         1226    i.SD_GetCIDRegister  sd_card_drive.o
    0x08003282   0x08003282   0x00000002   PAD
    0x08003284   0x08003284   0x000001f4   Code   RO         1227    i.SD_GetCSDRegister  sd_card_drive.o
    0x08003478   0x08003478   0x00000174   Code   RO         1228    i.SD_GoIdleState    sd_card_drive.o
    0x080035ec   0x080035ec   0x0000001c   Code   RO         1311    i.SD_IO_CSState     sd_card_interface.o
    0x08003608   0x08003608   0x00000028   Code   RO         1313    i.SD_IO_WriteByte   sd_card_interface.o
    0x08003630   0x08003630   0x00000028   Code   RO         1315    i.SD_IO_WriteReadData  sd_card_interface.o
    0x08003658   0x08003658   0x00000018   Code   RO         1229    i.SD_ReadData       sd_card_drive.o
    0x08003670   0x08003670   0x000000dc   Code   RO         1230    i.SD_SendCmd        sd_card_drive.o
    0x0800374c   0x0800374c   0x00000026   Code   RO         1231    i.SD_WaitData       sd_card_drive.o
    0x08003772   0x08003772   0x00000002   PAD
    0x08003774   0x08003774   0x00000044   Code   RO         1082    i.SPIRAM_RD_Byte    spi_ram.o
    0x080037b8   0x080037b8   0x00000048   Code   RO         1087    i.SPIRAM_WR_Byte    spi_ram.o
    0x08003800   0x08003800   0x0000005c   Code   RO         2418    i.SPI_EndRxTransaction  stm32f1xx_hal_spi.o
    0x0800385c   0x0800385c   0x00000020   Code   RO         2419    i.SPI_EndRxTxTransaction  stm32f1xx_hal_spi.o
    0x0800387c   0x0800387c   0x00000094   Code   RO         2424    i.SPI_WaitFlagStateUntilTimeout  stm32f1xx_hal_spi.o
    0x08003910   0x08003910   0x00000002   Code   RO          808    i.SVC_Handler       stm32f1xx_it.o
    0x08003912   0x08003912   0x00000002   PAD
    0x08003914   0x08003914   0x00000060   Code   RO         4653    i.Show_Progress     browser.o
    0x08003974   0x08003974   0x0000000c   Code   RO          646    i.SpiInit           spi.o
    0x08003980   0x08003980   0x00000040   Code   RO          647    i.SpiTxRx           spi.o
    0x080039c0   0x080039c0   0x00000ed0   Code   RO         4654    i.Start_Dawring     browser.o
    0x08004890   0x08004890   0x00000300   Code   RO         4655    i.Start_Dawring_1in54B  browser.o
    0x08004b90   0x08004b90   0x00000004   Code   RO          809    i.SysTick_Handler   stm32f1xx_it.o
    0x08004b94   0x08004b94   0x0000005a   Code   RO          309    i.SystemClock_Config  main.o
    0x08004bee   0x08004bee   0x00000002   PAD
    0x08004bf0   0x08004bf0   0x00000048   Code   RO         3947    i.SystemInit        system_stm32f1xx.o
    0x08004c38   0x08004c38   0x0000000c   Code   RO          810    i.TIM3_IRQHandler   stm32f1xx_it.o
    0x08004c44   0x08004c44   0x0000006c   Code   RO         2782    i.TIM_Base_SetConfig  stm32f1xx_hal_tim.o
    0x08004cb0   0x08004cb0   0x00000014   Code   RO         2793    i.TIM_ETR_SetConfig  stm32f1xx_hal_tim.o
    0x08004cc4   0x08004cc4   0x00000010   Code   RO         2794    i.TIM_ITRx_SetConfig  stm32f1xx_hal_tim.o
    0x08004cd4   0x08004cd4   0x00000022   Code   RO         2800    i.TIM_TI1_ConfigInputStage  stm32f1xx_hal_tim.o
    0x08004cf6   0x08004cf6   0x00000024   Code   RO         2802    i.TIM_TI2_ConfigInputStage  stm32f1xx_hal_tim.o
    0x08004d1a   0x08004d1a   0x00000002   PAD
    0x08004d1c   0x08004d1c   0x000000b8   Code   RO         3671    i.UART_SetConfig    stm32f1xx_hal_uart.o
    0x08004dd4   0x08004dd4   0x00000064   Code   RO         3673    i.UART_WaitOnFlagUntilTimeout  stm32f1xx_hal_uart.o
    0x08004e38   0x08004e38   0x00000020   Code   RO          436    i.USER_initialize   user_diskio.o
    0x08004e58   0x08004e58   0x00000050   Code   RO          437    i.USER_ioctl        user_diskio.o
    0x08004ea8   0x08004ea8   0x0000003c   Code   RO          438    i.USER_read         user_diskio.o
    0x08004ee4   0x08004ee4   0x00000020   Code   RO          439    i.USER_status       user_diskio.o
    0x08004f04   0x08004f04   0x0000003c   Code   RO          440    i.USER_write        user_diskio.o
    0x08004f40   0x08004f40   0x00000002   Code   RO          811    i.UsageFault_Handler  stm32f1xx_it.o
    0x08004f42   0x08004f42   0x00000002   PAD
    0x08004f44   0x08004f44   0x00000020   Code   RO         6749    i.__0printf$5       mc_w.l(printf5.o)
    0x08004f64   0x08004f64   0x00000020   Code   RO         1883    i.__NVIC_SetPriority  stm32f1xx_hal_cortex.o
    0x08004f84   0x08004f84   0x0000000e   Code   RO         6968    i.__scatterload_copy  mc_w.l(handlers.o)
    0x08004f92   0x08004f92   0x00000002   Code   RO         6969    i.__scatterload_null  mc_w.l(handlers.o)
    0x08004f94   0x08004f94   0x0000000e   Code   RO         6970    i.__scatterload_zeroinit  mc_w.l(handlers.o)
    0x08004fa2   0x08004fa2   0x00000002   PAD
    0x08004fa4   0x08004fa4   0x000002c0   Code   RO         6756    i._printf_core      mc_w.l(printf5.o)
    0x08005264   0x08005264   0x00000060   Code   RO         4039    i.check_fs          ff.o
    0x080052c4   0x080052c4   0x00000010   Code   RO         4040    i.chk_chr           ff.o
    0x080052d4   0x080052d4   0x0000006c   Code   RO         4041    i.chk_lock          ff.o
    0x08005340   0x08005340   0x00000024   Code   RO         4042    i.clear_lock        ff.o
    0x08005364   0x08005364   0x0000002a   Code   RO         4043    i.clmt_clust        ff.o
    0x0800538e   0x0800538e   0x0000001e   Code   RO         4044    i.clust2sect        ff.o
    0x080053ac   0x080053ac   0x000000b0   Code   RO         4045    i.create_chain      ff.o
    0x0800545c   0x0800545c   0x00000204   Code   RO         4046    i.create_name       ff.o
    0x08005660   0x08005660   0x0000003c   Code   RO         4047    i.dec_lock          ff.o
    0x0800569c   0x0800569c   0x00000050   Code   RO          189    i.demoActivateP2P   demo.o
    0x080056ec   0x080056ec   0x00000140   Code   RO          190    i.demoCycle         demo.o
    0x0800582c   0x0800582c   0x00000104   Code   RO          191    i.demoIsoDepBlockingTxRx  demo.o
    0x08005930   0x08005930   0x00000094   Code   RO          192    i.demoNfcDepBlockingTxRx  demo.o
    0x080059c4   0x080059c4   0x00000090   Code   RO          193    i.demoPollAP2P      demo.o
    0x08005a54   0x08005a54   0x00000170   Code   RO          194    i.demoPollNFCA      demo.o
    0x08005bc4   0x08005bc4   0x000000c4   Code   RO          195    i.demoPollNFCB      demo.o
    0x08005c88   0x08005c88   0x000000d8   Code   RO          196    i.demoPollNFCF      demo.o
    0x08005d60   0x08005d60   0x00000080   Code   RO          197    i.demoPollNFCV      demo.o
    0x08005de0   0x08005de0   0x00000088   Code   RO          198    i.demoSendAPDUs     demo.o
    0x08005e68   0x08005e68   0x0000012c   Code   RO          199    i.demoSendNdefUri   demo.o
    0x08005f94   0x08005f94   0x00000144   Code   RO         4048    i.dir_find          ff.o
    0x080060d8   0x080060d8   0x0000011e   Code   RO         4049    i.dir_next          ff.o
    0x080061f6   0x080061f6   0x00000002   PAD
    0x080061f8   0x080061f8   0x00000108   Code   RO         4050    i.dir_read          ff.o
    0x08006300   0x08006300   0x000001d0   Code   RO         4051    i.dir_register      ff.o
    0x080064d0   0x080064d0   0x00000098   Code   RO         4053    i.dir_sdi           ff.o
    0x08006568   0x08006568   0x00000028   Code   RO         3984    i.disk_initialize   diskio.o
    0x08006590   0x08006590   0x0000001c   Code   RO         3985    i.disk_ioctl        diskio.o
    0x080065ac   0x080065ac   0x0000001c   Code   RO         3986    i.disk_read         diskio.o
    0x080065c8   0x080065c8   0x00000018   Code   RO         3987    i.disk_status       diskio.o
    0x080065e0   0x080065e0   0x0000001c   Code   RO         3988    i.disk_write        diskio.o
    0x080065fc   0x080065fc   0x0000002a   Code   RO         4055    i.f_close           ff.o
    0x08006626   0x08006626   0x00000002   PAD
    0x08006628   0x08006628   0x00000284   Code   RO         4059    i.f_lseek           ff.o
    0x080068ac   0x080068ac   0x0000005c   Code   RO         4062    i.f_mount           ff.o
    0x08006908   0x08006908   0x000001a8   Code   RO         4063    i.f_open            ff.o
    0x08006ab0   0x08006ab0   0x000000a0   Code   RO         4064    i.f_opendir         ff.o
    0x08006b50   0x08006b50   0x0000018c   Code   RO         4068    i.f_read            ff.o
    0x08006cdc   0x08006cdc   0x0000005c   Code   RO         4069    i.f_readdir         ff.o
    0x08006d38   0x08006d38   0x000000b8   Code   RO         4072    i.f_sync            ff.o
    0x08006df0   0x08006df0   0x00000068   Code   RO         4656    i.fail_interface    browser.o
    0x08006e58   0x08006e58   0x00000038   Code   RO         4464    i.ff_convert        ccsbcs.o
    0x08006e90   0x08006e90   0x00000024   Code   RO         4465    i.ff_wtoupper       ccsbcs.o
    0x08006eb4   0x08006eb4   0x00000258   Code   RO         4077    i.find_volume       ff.o
    0x0800710c   0x0800710c   0x00000072   Code   RO         4078    i.follow_path       ff.o
    0x0800717e   0x0800717e   0x00000002   PAD
    0x08007180   0x08007180   0x00000018   Code   RO          755    i.fputc             usart.o
    0x08007198   0x08007198   0x00000050   Code   RO         6877    i.free              mc_w.l(malloc.o)
    0x080071e8   0x080071e8   0x00000080   Code   RO         4079    i.gen_numname       ff.o
    0x08007268   0x08007268   0x000000c2   Code   RO         4080    i.get_fat           ff.o
    0x0800732a   0x0800732a   0x00000004   Code   RO          502    i.get_fattime       fatfs.o
    0x0800732e   0x0800732e   0x000000c4   Code   RO         4081    i.get_fileinfo      ff.o
    0x080073f2   0x080073f2   0x0000003c   Code   RO         4082    i.get_ldnumber      ff.o
    0x0800742e   0x0800742e   0x00000002   PAD
    0x08007430   0x08007430   0x0000008c   Code   RO           13    i.hex2Str           logger.o
    0x080074bc   0x080074bc   0x000000a0   Code   RO         4083    i.inc_lock          ff.o
    0x0800755c   0x0800755c   0x00000020   Code   RO         5343    i.iso15693PhyConfigure  rfal_iso15693_2.o
    0x0800757c   0x0800757c   0x00000062   Code   RO         5345    i.iso15693PhyVCDCode1Of256  rfal_iso15693_2.o
    0x080075de   0x080075de   0x00000058   Code   RO         5346    i.iso15693PhyVCDCode1Of4  rfal_iso15693_2.o
    0x08007636   0x08007636   0x00000002   PAD
    0x08007638   0x08007638   0x0000018c   Code   RO         5347    i.iso15693VCDCode   rfal_iso15693_2.o
    0x080077c4   0x080077c4   0x0000012c   Code   RO         5348    i.iso15693VICCDecode  rfal_iso15693_2.o
    0x080078f0   0x080078f0   0x00000010   Code   RO         5400    i.isoDepClearCounters  rfal_isodep.o
    0x08007900   0x08007900   0x0000023c   Code   RO         5401    i.isoDepDataExchangePCD  rfal_isodep.o
    0x08007b3c   0x08007b3c   0x0000031c   Code   RO         5402    i.isoDepDataExchangePICC  rfal_isodep.o
    0x08007e58   0x08007e58   0x000000c4   Code   RO         5403    i.isoDepHandleControlMsg  rfal_isodep.o
    0x08007f1c   0x08007f1c   0x00000044   Code   RO         5404    i.isoDepReSendControlMsg  rfal_isodep.o
    0x08007f60   0x08007f60   0x00000090   Code   RO         5405    i.isoDepTx          rfal_isodep.o
    0x08007ff0   0x08007ff0   0x00000014   Code   RO         4084    i.ld_clust          ff.o
    0x08008004   0x08008004   0x00000148   Code   RO          310    i.main              main.o
    0x0800814c   0x0800814c   0x0000006c   Code   RO         6878    i.malloc            mc_w.l(malloc.o)
    0x080081b8   0x080081b8   0x00000012   Code   RO         4085    i.mem_cpy           ff.o
    0x080081ca   0x080081ca   0x0000000e   Code   RO         4086    i.mem_set           ff.o
    0x080081d8   0x080081d8   0x00000036   Code   RO         4087    i.move_window       ff.o
    0x0800820e   0x0800820e   0x00000002   PAD
    0x08008210   0x08008210   0x0000001c   Code   RO         5743    i.nfcipClearCounters  rfal_nfcdep.o
    0x0800822c   0x0800822c   0x00000058   Code   RO         5744    i.nfcipConfig       rfal_nfcdep.o
    0x08008284   0x08008284   0x00000060   Code   RO         5745    i.nfcipDEPControlMsg  rfal_nfcdep.o
    0x080082e4   0x080082e4   0x0000003c   Code   RO         5746    i.nfcipDataRx       rfal_nfcdep.o
    0x08008320   0x08008320   0x0000026c   Code   RO         5747    i.nfcipInitiatorHandleDEP  rfal_nfcdep.o
    0x0800858c   0x0800858c   0x00000148   Code   RO         5748    i.nfcipRun          rfal_nfcdep.o
    0x080086d4   0x080086d4   0x0000007c   Code   RO         5749    i.nfcipSetDEPParams  rfal_nfcdep.o
    0x08008750   0x08008750   0x00000338   Code   RO         5751    i.nfcipTargetHandleRX  rfal_nfcdep.o
    0x08008a88   0x08008a88   0x00000180   Code   RO         5752    i.nfcipTx           rfal_nfcdep.o
    0x08008c08   0x08008c08   0x00000068   Code   RO         5753    i.nfcipTxRx         rfal_nfcdep.o
    0x08008c70   0x08008c70   0x000000f8   Code   RO         4088    i.put_fat           ff.o
    0x08008d68   0x08008d68   0x0000006e   Code   RO         4090    i.remove_chain      ff.o
    0x08008dd6   0x08008dd6   0x00000002   PAD
    0x08008dd8   0x08008dd8   0x0000001c   Code   RO         5237    i.rfalAnalogConfigInitialize  rfal_analogconfig.o
    0x08008df4   0x08008df4   0x00000054   Code   RO         6044    i.rfalCalibrate     rfal_rfst25r3911.o
    0x08008e48   0x08008e48   0x0000000c   Code   RO         6045    i.rfalChipChangeRegBits  rfal_rfst25r3911.o
    0x08008e54   0x08008e54   0x0000000c   Code   RO         6046    i.rfalChipChangeTestRegBits  rfal_rfst25r3911.o
    0x08008e60   0x08008e60   0x00000028   Code   RO         6052    i.rfalCleanupTransceive  rfal_rfst25r3911.o
    0x08008e88   0x08008e88   0x00000028   Code   RO         5316    i.rfalCrcCalculateCcitt  rfal_crc.o
    0x08008eb0   0x08008eb0   0x000000b0   Code   RO         6055    i.rfalErrorHandling  rfal_rfst25r3911.o
    0x08008f60   0x08008f60   0x00000018   Code   RO         6056    i.rfalFIFOGetNumIncompleteBits  rfal_rfst25r3911.o
    0x08008f78   0x08008f78   0x00000014   Code   RO         6057    i.rfalFIFOStatusGetNumBytes  rfal_rfst25r3911.o
    0x08008f8c   0x08008f8c   0x0000001c   Code   RO         6058    i.rfalFIFOStatusIsIncompleteByte  rfal_rfst25r3911.o
    0x08008fa8   0x08008fa8   0x00000018   Code   RO         6059    i.rfalFIFOStatusIsMissingPar  rfal_rfst25r3911.o
    0x08008fc0   0x08008fc0   0x0000001c   Code   RO         6060    i.rfalFIFOStatusUpdate  rfal_rfst25r3911.o
    0x08008fdc   0x08008fdc   0x00000108   Code   RO         6061    i.rfalFeliCaPoll    rfal_rfst25r3911.o
    0x080090e4   0x080090e4   0x0000001c   Code   RO         6062    i.rfalFieldOff      rfal_rfst25r3911.o
    0x08009100   0x08009100   0x00000070   Code   RO         6063    i.rfalFieldOnAndStartGT  rfal_rfst25r3911.o
    0x08009170   0x08009170   0x00000024   Code   RO         6064    i.rfalGetBitRate    rfal_rfst25r3911.o
    0x08009194   0x08009194   0x00000014   Code   RO         6073    i.rfalGetTransceiveStatus  rfal_rfst25r3911.o
    0x080091a8   0x080091a8   0x00000108   Code   RO         6074    i.rfalISO14443ATransceiveAnticollisionFrame  rfal_rfst25r3911.o
    0x080092b0   0x080092b0   0x00000164   Code   RO         6075    i.rfalISO14443ATransceiveShortFrame  rfal_rfst25r3911.o
    0x08009414   0x08009414   0x00000012   Code   RO         6076    i.rfalISO15693TransceiveAnticollisionEOF  rfal_rfst25r3911.o
    0x08009426   0x08009426   0x00000002   PAD
    0x08009428   0x08009428   0x00000070   Code   RO         6077    i.rfalISO15693TransceiveAnticollisionFrame  rfal_rfst25r3911.o
    0x08009498   0x08009498   0x00000084   Code   RO         6079    i.rfalInitialize    rfal_rfst25r3911.o
    0x0800951c   0x0800951c   0x0000000a   Code   RO         6080    i.rfalIsExtFieldOn  rfal_rfst25r3911.o
    0x08009526   0x08009526   0x00000002   PAD
    0x08009528   0x08009528   0x00000018   Code   RO         6081    i.rfalIsGTExpired   rfal_rfst25r3911.o
    0x08009540   0x08009540   0x000000b6   Code   RO         5406    i.rfalIsoDepATTRIB  rfal_isodep.o
    0x080095f6   0x080095f6   0x00000002   PAD
    0x080095f8   0x080095f8   0x00000058   Code   RO         5407    i.rfalIsoDepApdu2IBLockParam  rfal_isodep.o
    0x08009650   0x08009650   0x000000a0   Code   RO         5408    i.rfalIsoDepCalcBitRate  rfal_isodep.o
    0x080096f0   0x080096f0   0x0000005c   Code   RO         5409    i.rfalIsoDepDeselect  rfal_isodep.o
    0x0800974c   0x0800974c   0x00000036   Code   RO         5410    i.rfalIsoDepFSxI2FSx  rfal_isodep.o
    0x08009782   0x08009782   0x0000001a   Code   RO         5411    i.rfalIsoDepFWI2FWT  rfal_isodep.o
    0x0800979c   0x0800979c   0x000000c4   Code   RO         5412    i.rfalIsoDepGetApduTransceiveStatus  rfal_isodep.o
    0x08009860   0x08009860   0x00000028   Code   RO         5413    i.rfalIsoDepGetMaxInfLen  rfal_isodep.o
    0x08009888   0x08009888   0x00000018   Code   RO         5414    i.rfalIsoDepGetTransceiveStatus  rfal_isodep.o
    0x080098a0   0x080098a0   0x00000058   Code   RO         5415    i.rfalIsoDepInitialize  rfal_isodep.o
    0x080098f8   0x080098f8   0x0000006c   Code   RO         5421    i.rfalIsoDepPPS     rfal_isodep.o
    0x08009964   0x08009964   0x00000170   Code   RO         5422    i.rfalIsoDepPollAHandleActivation  rfal_isodep.o
    0x08009ad4   0x08009ad4   0x0000012c   Code   RO         5423    i.rfalIsoDepPollBHandleActivation  rfal_isodep.o
    0x08009c00   0x08009c00   0x00000074   Code   RO         5424    i.rfalIsoDepRATS    rfal_isodep.o
    0x08009c74   0x08009c74   0x0000001e   Code   RO         5425    i.rfalIsoDepSFGI2SFGT  rfal_isodep.o
    0x08009c92   0x08009c92   0x00000002   PAD
    0x08009c94   0x08009c94   0x0000006c   Code   RO         5426    i.rfalIsoDepStartApduTransceive  rfal_isodep.o
    0x08009d00   0x08009d00   0x00000074   Code   RO         5427    i.rfalIsoDepStartTransceive  rfal_isodep.o
    0x08009d74   0x08009d74   0x00000110   Code   RO         6083    i.rfalListenSetState  rfal_rfst25r3911.o
    0x08009e84   0x08009e84   0x000000f4   Code   RO         5754    i.rfalNfcDepATR     rfal_nfcdep.o
    0x08009f78   0x08009f78   0x00000012   Code   RO         5755    i.rfalNfcDepCalculateRWT  rfal_nfcdep.o
    0x08009f8a   0x08009f8a   0x00000002   PAD
    0x08009f8c   0x08009f8c   0x00000010   Code   RO         5757    i.rfalNfcDepGetTransceiveStatus  rfal_nfcdep.o
    0x08009f9c   0x08009f9c   0x0000004c   Code   RO         5758    i.rfalNfcDepInitialize  rfal_nfcdep.o
    0x08009fe8   0x08009fe8   0x000000f8   Code   RO         5759    i.rfalNfcDepInitiatorHandleActivation  rfal_nfcdep.o
    0x0800a0e0   0x0800a0e0   0x00000064   Code   RO         5763    i.rfalNfcDepPSL     rfal_nfcdep.o
    0x0800a144   0x0800a144   0x00000058   Code   RO         5766    i.rfalNfcDepStartTransceive  rfal_nfcdep.o
    0x0800a19c   0x0800a19c   0x00000018   Code   RO         5584    i.rfalNfcaCalculateBcc  rfal_nfca.o
    0x0800a1b4   0x0800a1b4   0x0000002a   Code   RO         5586    i.rfalNfcaPollerCheckPresence  rfal_nfca.o
    0x0800a1de   0x0800a1de   0x00000158   Code   RO         5587    i.rfalNfcaPollerFullCollisionResolution  rfal_nfca.o
    0x0800a336   0x0800a336   0x00000002   PAD
    0x0800a338   0x0800a338   0x00000034   Code   RO         5588    i.rfalNfcaPollerInitialize  rfal_nfca.o
    0x0800a36c   0x0800a36c   0x000001c2   Code   RO         5590    i.rfalNfcaPollerSingleCollisionResolution  rfal_nfca.o
    0x0800a52e   0x0800a52e   0x00000030   Code   RO         5591    i.rfalNfcaPollerSleep  rfal_nfca.o
    0x0800a55e   0x0800a55e   0x00000002   PAD
    0x0800a560   0x0800a560   0x00000028   Code   RO         5592    i.rfalNfcaPollerTechnologyDetection  rfal_nfca.o
    0x0800a588   0x0800a588   0x0000001c   Code   RO         5661    i.rfalNfcbCheckSensbRes  rfal_nfcb.o
    0x0800a5a4   0x0800a5a4   0x00000090   Code   RO         5662    i.rfalNfcbPollerCheckPresence  rfal_nfcb.o
    0x0800a634   0x0800a634   0x00000014   Code   RO         5663    i.rfalNfcbPollerCollisionResolution  rfal_nfcb.o
    0x0800a648   0x0800a648   0x000001e2   Code   RO         5664    i.rfalNfcbPollerCollisionResolutionSlotted  rfal_nfcb.o
    0x0800a82a   0x0800a82a   0x00000002   PAD
    0x0800a82c   0x0800a82c   0x00000040   Code   RO         5665    i.rfalNfcbPollerInitialize  rfal_nfcb.o
    0x0800a86c   0x0800a86c   0x0000004c   Code   RO         5667    i.rfalNfcbPollerSleep  rfal_nfcb.o
    0x0800a8b8   0x0800a8b8   0x0000005c   Code   RO         5668    i.rfalNfcbPollerSlotMarker  rfal_nfcb.o
    0x0800a914   0x0800a914   0x00000010   Code   RO         5670    i.rfalNfcbTR2ToFDT  rfal_nfcb.o
    0x0800a924   0x0800a924   0x000000ec   Code   RO         5908    i.rfalNfcfComputeValidSENF  rfal_nfcf.o
    0x0800aa10   0x0800aa10   0x00000028   Code   RO         5910    i.rfalNfcfPollerCheckPresence  rfal_nfcf.o
    0x0800aa38   0x0800aa38   0x000000a4   Code   RO         5911    i.rfalNfcfPollerCollisionResolution  rfal_nfcf.o
    0x0800aadc   0x0800aadc   0x00000040   Code   RO         5912    i.rfalNfcfPollerInitialize  rfal_nfcf.o
    0x0800ab1c   0x0800ab1c   0x00000016   Code   RO         5913    i.rfalNfcfPollerPoll  rfal_nfcf.o
    0x0800ab32   0x0800ab32   0x00000124   Code   RO         5964    i.rfalNfcvPollerCollisionResolution  rfal_nfcv.o
    0x0800ac56   0x0800ac56   0x00000002   PAD
    0x0800ac58   0x0800ac58   0x00000034   Code   RO         5965    i.rfalNfcvPollerInitialize  rfal_nfcv.o
    0x0800ac8c   0x0800ac8c   0x00000082   Code   RO         5966    i.rfalNfcvPollerInventory  rfal_nfcv.o
    0x0800ad0e   0x0800ad0e   0x00000002   PAD
    0x0800ad10   0x0800ad10   0x000000c4   Code   RO         6088    i.rfalPrepareTransceive  rfal_rfst25r3911.o
    0x0800add4   0x0800add4   0x00000134   Code   RO         6089    i.rfalRunListenModeWorker  rfal_rfst25r3911.o
    0x0800af08   0x0800af08   0x000000d0   Code   RO         5243    i.rfalSetAnalogConfig  rfal_analogconfig.o
    0x0800afd8   0x0800afd8   0x00000168   Code   RO         6090    i.rfalSetBitRate    rfal_rfst25r3911.o
    0x0800b140   0x0800b140   0x0000000c   Code   RO         6091    i.rfalSetErrorHandling  rfal_rfst25r3911.o
    0x0800b14c   0x0800b14c   0x00000014   Code   RO         6092    i.rfalSetFDTListen  rfal_rfst25r3911.o
    0x0800b160   0x0800b160   0x00000018   Code   RO         6093    i.rfalSetFDTPoll    rfal_rfst25r3911.o
    0x0800b178   0x0800b178   0x00000018   Code   RO         6094    i.rfalSetGT         rfal_rfst25r3911.o
    0x0800b190   0x0800b190   0x00000184   Code   RO         6095    i.rfalSetMode       rfal_rfst25r3911.o
    0x0800b314   0x0800b314   0x00000028   Code   RO         6459    i.rfalSt25tbPollerCheckPresence  rfal_st25tb.o
    0x0800b33c   0x0800b33c   0x0000010a   Code   RO         6460    i.rfalSt25tbPollerCollisionResolution  rfal_st25tb.o
    0x0800b446   0x0800b446   0x00000034   Code   RO         6462    i.rfalSt25tbPollerGetUID  rfal_st25tb.o
    0x0800b47a   0x0800b47a   0x00000004   Code   RO         6463    i.rfalSt25tbPollerInitialize  rfal_st25tb.o
    0x0800b47e   0x0800b47e   0x00000044   Code   RO         6464    i.rfalSt25tbPollerInitiate  rfal_st25tb.o
    0x0800b4c2   0x0800b4c2   0x0000003a   Code   RO         6465    i.rfalSt25tbPollerPcall  rfal_st25tb.o
    0x0800b4fc   0x0800b4fc   0x00000042   Code   RO         6468    i.rfalSt25tbPollerSelect  rfal_st25tb.o
    0x0800b53e   0x0800b53e   0x00000042   Code   RO         6469    i.rfalSt25tbPollerSlotMarker  rfal_st25tb.o
    0x0800b580   0x0800b580   0x0000015c   Code   RO         6101    i.rfalStartTransceive  rfal_rfst25r3911.o
    0x0800b6dc   0x0800b6dc   0x00000030   Code   RO         6552    i.rfalT1TPollerInitialize  rfal_t1t.o
    0x0800b70c   0x0800b70c   0x00000052   Code   RO         6554    i.rfalT1TPollerRid  rfal_t1t.o
    0x0800b75e   0x0800b75e   0x00000002   PAD
    0x0800b760   0x0800b760   0x00000034   Code   RO         6102    i.rfalTransceiveBlockingRx  rfal_rfst25r3911.o
    0x0800b794   0x0800b794   0x0000003e   Code   RO         6103    i.rfalTransceiveBlockingTx  rfal_rfst25r3911.o
    0x0800b7d2   0x0800b7d2   0x00000028   Code   RO         6104    i.rfalTransceiveBlockingTxRx  rfal_rfst25r3911.o
    0x0800b7fa   0x0800b7fa   0x00000002   PAD
    0x0800b7fc   0x0800b7fc   0x00000028   Code   RO         6105    i.rfalTransceiveRunBlockingTx  rfal_rfst25r3911.o
    0x0800b824   0x0800b824   0x000003b4   Code   RO         6106    i.rfalTransceiveRx  rfal_rfst25r3911.o
    0x0800bbd8   0x0800bbd8   0x000002ac   Code   RO         6107    i.rfalTransceiveTx  rfal_rfst25r3911.o
    0x0800be84   0x0800be84   0x00000018   Code   RO         6108    i.rfalWakeUpModeHasWoke  rfal_rfst25r3911.o
    0x0800be9c   0x0800be9c   0x00000194   Code   RO         6109    i.rfalWakeUpModeStart  rfal_rfst25r3911.o
    0x0800c030   0x0800c030   0x00000038   Code   RO         6110    i.rfalWakeUpModeStop  rfal_rfst25r3911.o
    0x0800c068   0x0800c068   0x00000070   Code   RO         6111    i.rfalWorker        rfal_rfst25r3911.o
    0x0800c0d8   0x0800c0d8   0x0000004c   Code   RO         4496    i.ssd1306_clear_screen  ssd1306.o
    0x0800c124   0x0800c124   0x00000094   Code   RO         4497    i.ssd1306_display_char  ssd1306.o
    0x0800c1b8   0x0800c1b8   0x00000058   Code   RO         4501    i.ssd1306_display_string  ssd1306.o
    0x0800c210   0x0800c210   0x0000005e   Code   RO         4504    i.ssd1306_draw_bitmap  ssd1306.o
    0x0800c26e   0x0800c26e   0x00000036   Code   RO         4505    i.ssd1306_draw_line  ssd1306.o
    0x0800c2a4   0x0800c2a4   0x0000003c   Code   RO         4506    i.ssd1306_draw_point  ssd1306.o
    0x0800c2e0   0x0800c2e0   0x00000124   Code   RO         4508    i.ssd1306_init      ssd1306.o
    0x0800c404   0x0800c404   0x0000004c   Code   RO         4509    i.ssd1306_refresh_gram  ssd1306.o
    0x0800c450   0x0800c450   0x00000050   Code   RO         4510    i.ssd1306_write_byte  ssd1306.o
    0x0800c4a0   0x0800c4a0   0x0000006a   Code   RO         4762    i.st25r3911AdjustRegulators  st25r3911.o
    0x0800c50a   0x0800c50a   0x0000000c   Code   RO         4763    i.st25r3911CalibrateAntenna  st25r3911.o
    0x0800c516   0x0800c516   0x00000006   Code   RO         4984    i.st25r3911ChangeRegisterBits  st25r3911_com.o
    0x0800c51c   0x0800c51c   0x00000022   Code   RO         4985    i.st25r3911ChangeTestRegisterBits  st25r3911_com.o
    0x0800c53e   0x0800c53e   0x0000002e   Code   RO         4766    i.st25r3911CheckChipID  st25r3911.o
    0x0800c56c   0x0800c56c   0x0000004c   Code   RO         5098    i.st25r3911CheckForReceivedInterrupts  st25r3911_interrupt.o
    0x0800c5b8   0x0800c5b8   0x00000024   Code   RO         4767    i.st25r3911CheckReg  st25r3911.o
    0x0800c5dc   0x0800c5dc   0x00000024   Code   RO         5099    i.st25r3911ClearInterrupts  st25r3911_interrupt.o
    0x0800c600   0x0800c600   0x0000001e   Code   RO         4986    i.st25r3911ClrRegisterBits  st25r3911_com.o
    0x0800c61e   0x0800c61e   0x00000008   Code   RO         5100    i.st25r3911DisableInterrupts  st25r3911_interrupt.o
    0x0800c626   0x0800c626   0x00000006   Code   RO         5101    i.st25r3911EnableInterrupts  st25r3911_interrupt.o
    0x0800c62c   0x0800c62c   0x00000040   Code   RO         4987    i.st25r3911ExecuteCommand  st25r3911_com.o
    0x0800c66c   0x0800c66c   0x00000062   Code   RO         4769    i.st25r3911ExecuteCommandAndGetResult  st25r3911.o
    0x0800c6ce   0x0800c6ce   0x00000002   PAD
    0x0800c6d0   0x0800c6d0   0x0000003c   Code   RO         4988    i.st25r3911ExecuteCommands  st25r3911_com.o
    0x0800c70c   0x0800c70c   0x00000024   Code   RO         5102    i.st25r3911GetInterrupt  st25r3911_interrupt.o
    0x0800c730   0x0800c730   0x00000014   Code   RO         5105    i.st25r3911InitInterrupts  st25r3911_interrupt.o
    0x0800c744   0x0800c744   0x0000004c   Code   RO         4773    i.st25r3911Initialize  st25r3911.o
    0x0800c790   0x0800c790   0x00000018   Code   RO         5106    i.st25r3911Isr      st25r3911_interrupt.o
    0x0800c7a8   0x0800c7a8   0x0000000c   Code   RO         4778    i.st25r3911MeasureAntennaResonance  st25r3911.o
    0x0800c7b4   0x0800c7b4   0x0000000c   Code   RO         4780    i.st25r3911MeasureRF  st25r3911.o
    0x0800c7c0   0x0800c7c0   0x0000003e   Code   RO         4781    i.st25r3911MeasureVoltage  st25r3911.o
    0x0800c7fe   0x0800c7fe   0x00000002   PAD
    0x0800c800   0x0800c800   0x00000044   Code   RO         5107    i.st25r3911ModifyInterrupts  st25r3911_interrupt.o
    0x0800c844   0x0800c844   0x00000022   Code   RO         4990    i.st25r3911ModifyRegister  st25r3911_com.o
    0x0800c866   0x0800c866   0x00000038   Code   RO         4782    i.st25r3911OscOn    st25r3911.o
    0x0800c89e   0x0800c89e   0x0000008a   Code   RO         4783    i.st25r3911PerformCollisionAvoidance  st25r3911.o
    0x0800c928   0x0800c928   0x0000004c   Code   RO         4991    i.st25r3911ReadFifo  st25r3911_com.o
    0x0800c974   0x0800c974   0x0000004c   Code   RO         4992    i.st25r3911ReadMultipleRegisters  st25r3911_com.o
    0x0800c9c0   0x0800c9c0   0x00000050   Code   RO         4993    i.st25r3911ReadRegister  st25r3911_com.o
    0x0800ca10   0x0800ca10   0x00000058   Code   RO         4994    i.st25r3911ReadTestRegister  st25r3911_com.o
    0x0800ca68   0x0800ca68   0x0000004e   Code   RO         4784    i.st25r3911SetBitrate  st25r3911.o
    0x0800cab6   0x0800cab6   0x00000018   Code   RO         4785    i.st25r3911SetGPTime_8fcs  st25r3911.o
    0x0800cace   0x0800cace   0x00000002   PAD
    0x0800cad0   0x0800cad0   0x00000048   Code   RO         4786    i.st25r3911SetNoResponseTime_64fcs  st25r3911.o
    0x0800cb18   0x0800cb18   0x0000001a   Code   RO         4787    i.st25r3911SetNumTxBits  st25r3911.o
    0x0800cb32   0x0800cb32   0x0000001e   Code   RO         4995    i.st25r3911SetRegisterBits  st25r3911_com.o
    0x0800cb50   0x0800cb50   0x00000022   Code   RO         4789    i.st25r3911StartGPTimer_8fcs  st25r3911.o
    0x0800cb72   0x0800cb72   0x00000068   Code   RO         4790    i.st25r3911StreamConfigure  st25r3911.o
    0x0800cbda   0x0800cbda   0x00000008   Code   RO         4791    i.st25r3911TxRxOff  st25r3911.o
    0x0800cbe2   0x0800cbe2   0x00000008   Code   RO         4792    i.st25r3911TxRxOn   st25r3911.o
    0x0800cbea   0x0800cbea   0x00000002   PAD
    0x0800cbec   0x0800cbec   0x0000003c   Code   RO         5108    i.st25r3911WaitForInterruptsTimed  st25r3911_interrupt.o
    0x0800cc28   0x0800cc28   0x0000004c   Code   RO         4996    i.st25r3911WriteFifo  st25r3911_com.o
    0x0800cc74   0x0800cc74   0x00000040   Code   RO         4998    i.st25r3911WriteRegister  st25r3911_com.o
    0x0800ccb4   0x0800ccb4   0x00000048   Code   RO         4999    i.st25r3911WriteTestRegister  st25r3911_com.o
    0x0800ccfc   0x0800ccfc   0x00000010   Code   RO         4091    i.st_clust          ff.o
    0x0800cd0c   0x0800cd0c   0x0000001a   Code   RO         4092    i.sum_sfn           ff.o
    0x0800cd26   0x0800cd26   0x000000b6   Code   RO         4093    i.sync_fs           ff.o
    0x0800cddc   0x0800cddc   0x00000060   Code   RO         4094    i.sync_window       ff.o
    0x0800ce3c   0x0800ce3c   0x0000000c   Code   RO         5185    i.timerCalculateTimer  timer.o
    0x0800ce48   0x0800ce48   0x00000014   Code   RO         5187    i.timerIsExpired    timer.o
    0x0800ce5c   0x0800ce5c   0x0000002c   Code   RO         4095    i.validate          ff.o
    0x0800ce88   0x0800ce88   0x00000005   Data   RO         1232    .constdata          sd_card_drive.o
    0x0800ce8d   0x0800ce8d   0x00000010   Data   RO         3948    .constdata          system_stm32f1xx.o
    0x0800ce9d   0x0800ce9d   0x00000008   Data   RO         3949    .constdata          system_stm32f1xx.o
    0x0800cea5   0x0800cea5   0x00000001   PAD
    0x0800cea6   0x0800cea6   0x000000ba   Data   RO         4097    .constdata          ff.o
    0x0800cf60   0x0800cf60   0x000004c0   Data   RO         4466    .constdata          ccsbcs.o
    0x0800d420   0x0800d420   0x00000474   Data   RO         4612    .constdata          fonts.o
    0x0800d894   0x0800d894   0x00000630   Data   RO         4613    .constdata          fonts.o
    0x0800dec4   0x0800dec4   0x00000114   Data   RO         4658    .constdata          browser.o
    0x0800dfd8   0x0800dfd8   0x0000018f   Data   RO         5244    .constdata          rfal_analogconfig.o
    0x0800e167   0x0800e167   0x00000001   PAD
    0x0800e168   0x0800e168   0x00000008   Data   RO         5671    .constdata          rfal_nfcb.o
    0x0800e170   0x0800e170   0x00000047   Data   RO         1155    .conststring        sd_card_app.o
    0x0800e1b7   0x0800e1b7   0x00000001   PAD
    0x0800e1b8   0x0800e1b8   0x00000020   Data   RO         6966    Region$$Table       anon$$obj.o


    Execution Region RW_IRAM1 (Exec base: 0x20000000, Load base: 0x0800e1d8, Size: 0x000032c0, Max: 0x00005000, ABSOLUTE)

    Exec Addr    Load Addr    Size         Type   Attr      Idx    E Section Name        Object

    0x20000000   0x0800e1d8   0x00000008   Data   RW           18    .data               logger.o
    0x20000008   0x0800e1e0   0x0000007c   Data   RW          201    .data               demo.o
    0x20000084   0x0800e25c   0x00000001   Data   RW          441    .data               user_diskio.o
    0x20000085   0x0800e25d   0x00000003   PAD
    0x20000088   0x0800e260   0x00000014   Data   RW          442    .data               user_diskio.o
    0x2000009c   0x0800e274   0x00000005   Data   RW          505    .data               fatfs.o
    0x200000a1   0x0800e279   0x00000003   PAD
    0x200000a4   0x0800e27c   0x00000004   Data   RW          649    .data               spi.o
    0x200000a8   0x0800e280   0x00000002   Data   RW          708    .data               tim.o
    0x200000aa   0x0800e282   0x00000001   Data   RW         1156    .data               sd_card_app.o
    0x200000ab   0x0800e283   0x00000001   PAD
    0x200000ac   0x0800e284   0x00000004   Data   RW         1233    .data               sd_card_drive.o
    0x200000b0   0x0800e288   0x0000000c   Data   RW         1420    .data               stm32f1xx_hal.o
    0x200000bc   0x0800e294   0x00000004   Data   RW         3950    .data               system_stm32f1xx.o
    0x200000c0   0x0800e298   0x00000008   Data   RW         4098    .data               ff.o
    0x200000c8   0x0800e2a0   0x0000001c   Data   RW         4660    .data               browser.o
    0x200000e4   0x0800e2bc   0x00000004   Data   RW         4793    .data               st25r3911.o
    0x200000e8   0x0800e2c0   0x00000008   Data   RW         5245    .data               rfal_analogconfig.o
    0x200000f0   0x0800e2c8   0x00000006   Data   RW         5349    .data               rfal_iso15693_2.o
    0x200000f6   0x0800e2ce   0x00000002   Data   RW         5673    .data               rfal_nfcb.o
    0x200000f8   0x0800e2d0   0x00000004   Data   RW         6925    .data               mc_w.l(stdout.o)
    0x200000fc   0x0800e2d4   0x00000004   Data   RW         6932    .data               mc_w.l(mvars.o)
    0x20000100   0x0800e2d8   0x00000004   Data   RW         6933    .data               mc_w.l(mvars.o)
    0x20000104        -       0x00000200   Zero   RW           17    .bss                logger.o
    0x20000304        -       0x00000964   Zero   RW          200    .bss                demo.o
    0x20000c68        -       0x00000230   Zero   RW          503    .bss                fatfs.o
    0x20000e98        -       0x000000b0   Zero   RW          648    .bss                spi.o
    0x20000f48        -       0x00000040   Zero   RW          707    .bss                tim.o
    0x20000f88        -       0x00000040   Zero   RW          756    .bss                usart.o
    0x20000fc8        -       0x00000012   Zero   RW          997    .bss                gui_paint.o
    0x20000fda        -       0x00000226   Zero   RW         1154    .bss                sd_card_app.o
    0x20001200        -       0x00000218   Zero   RW         4096    .bss                ff.o
    0x20001418        -       0x0000000c   Zero   RW         4384    .bss                ff_gen_drv.o
    0x20001424        -       0x00000400   Zero   RW         4511    .bss                ssd1306.o
    0x20001824        -       0x0000084c   Zero   RW         4657    .bss                browser.o
    0x20002070        -       0x00000010   Zero   RW         5109    .bss                st25r3911_interrupt.o
    0x20002080        -       0x00000084   Zero   RW         5428    .bss                rfal_isodep.o
    0x20002104        -       0x00000088   Zero   RW         5768    .bss                rfal_nfcdep.o
    0x2000218c        -       0x00000142   Zero   RW         5914    .bss                rfal_nfcf.o
    0x200022ce   0x0800e2dc   0x00000002   PAD
    0x200022d0        -       0x000003ec   Zero   RW         6112    .bss                rfal_rfst25r3911.o
    0x200026bc   0x0800e2dc   0x00000004   PAD
    0x200026c0        -       0x00000400   Zero   RW            2    HEAP                startup_stm32f103xb.o
    0x20002ac0        -       0x00000800   Zero   RW            1    STACK               startup_stm32f103xb.o


==============================================================================

Image component sizes


      Code (inc. data)   RO Data    RW Data    ZI Data      Debug   Object Name

      8062       1524        276         28       2124      13296   browser.o
        92         12       1216          0          0       2183   ccsbcs.o
      2296        796          0        124       2404      39814   demo.o
        52         12          0          0          0       1083   dev_config.o
       148         22          0          0          0       3793   diskio.o
        32         10          0          5        560     432056   fatfs.o
      6884        104        186          8        536      44059   ff.o
        70          4          0          0         12       1735   ff_gen_drv.o
         0          0       2724          0          0       1173   fonts.o
       372         26          0          0          0       1099   gpio.o
         0          0          0          0         18       1800   gui_paint.o
       188          4          0          0          0        690   key.o
       140         28          0          8        512     403659   logger.o
       420        146          0          0          0       8250   main.o
       236         14        399          8          0      21721   rfal_analogconfig.o
        40          0          0          0          0       1276   rfal_crc.o
       914         18          0          6          0       7946   rfal_iso15693_2.o
      3888        104          0          0        132      35856   rfal_isodep.o
      1000          4          0          0          0      10865   rfal_nfca.o
       922         28          8          2          0       8968   rfal_nfcb.o
      3446        116          0          0        136      31274   rfal_nfcdep.o
       526         18          0          0        322       5186   rfal_nfcf.o
       474          4          0          0          0       6445   rfal_nfcv.o
      6198        322          0          0       1004      38898   rfal_rfst25r3911.o
       620          0          0          0          0       8417   rfal_st25tb.o
       130          0          0          0          0       2317   rfal_t1t.o
      1932        856         71          1        550       8947   sd_card_app.o
      2042         44          5          4          0      11867   sd_card_drive.o
       108         18          0          0          0       2380   sd_card_interface.o
       404         52          0          4        176       3787   spi.o
       140         10          0          0          0       1270   spi_ram.o
       968         44          0          0       1024       7728   ssd1306.o
      1008          4          0          4          0      20059   st25r3911.o
       790         44          0          0          0      10521   st25r3911_com.o
       334         36          0          0         16       6738   st25r3911_interrupt.o
        36          8        236          0       3072        828   startup_stm32f103xb.o
       164         28          0         12          0       6297   stm32f1xx_hal.o
       232         14          0          0          0      29965   stm32f1xx_hal_cortex.o
       526         40          0          0          0       4931   stm32f1xx_hal_gpio.o
        60          8          0          0          0        946   stm32f1xx_hal_msp.o
      1272        100          0          0          0       5500   stm32f1xx_hal_rcc.o
      1562          0          0          0          0       8366   stm32f1xx_hal_spi.o
       882         14          0          0          0      10265   stm32f1xx_hal_tim.o
        70          0          0          0          0       2557   stm32f1xx_hal_tim_ex.o
       568          6          0          0          0       4176   stm32f1xx_hal_uart.o
       138         58          0          0          0       5770   stm32f1xx_it.o
         0          0          0          0          0        572   syscall.o
        72         16         24          4          0       1307   system_stm32f1xx.o
       212         30          0          2         64       2451   tim.o
        32          0          0          0          0       1653   timer.o
       192         26          0          0         64       2398   usart.o
       264         34          0         21          0       4164   user_diskio.o

    ----------------------------------------------------------------------
     51232       4806       5180        248      12732    1299302   Object Totals
         0          0         32          0          0          0   (incl. Generated)
        74          0          3          7          6          0   (incl. Padding)

    ----------------------------------------------------------------------

      Code (inc. data)   RO Data    RW Data    ZI Data      Debug   Library Member Name

         0          0          0          0          0          0   entry.o
         0          0          0          0          0          0   entry10a.o
         0          0          0          0          0          0   entry11a.o
         8          4          0          0          0          0   entry2.o
         4          0          0          0          0          0   entry5.o
         0          0          0          0          0          0   entry7b.o
         0          0          0          0          0          0   entry8b.o
         8          4          0          0          0          0   entry9a.o
        30          0          0          0          0          0   handlers.o
        36          8          0          0          0         68   init.o
        30          0          0          0          0         68   llshl.o
        32          0          0          0          0         68   llushr.o
       188         20          0          0          0        160   malloc.o
        26          0          0          0          0         80   memcmp.o
        64          0          0          0          0         76   memmovea.o
        36          0          0          0          0        108   memseta.o
         0          0          0          8          0          0   mvars.o
       736         56          0          0          0        184   printf5.o
         0          0          0          4          0          0   stdout.o
        42          0          0          0          0         84   strcasecmp.o
        18          0          0          0          0         68   strcpy.o
        32          0          0          0          0         68   strrchr.o
        12          0          0          0          0         68   tolower.o
        98          0          0          0          0         92   uldiv.o

    ----------------------------------------------------------------------
      1404         92          0         12          0       1192   Library Totals
         4          0          0          0          0          0   (incl. Padding)

    ----------------------------------------------------------------------

      Code (inc. data)   RO Data    RW Data    ZI Data      Debug   Library Name

      1400         92          0         12          0       1192   mc_w.l

    ----------------------------------------------------------------------
      1404         92          0         12          0       1192   Library Totals

    ----------------------------------------------------------------------

==============================================================================


      Code (inc. data)   RO Data    RW Data    ZI Data      Debug   

     52636       4898       5180        260      12732    1281822   Grand Totals
     52636       4898       5180        260      12732    1281822   ELF Image Totals
     52636       4898       5180        260          0          0   ROM Totals

==============================================================================

    Total RO  Size (Code + RO Data)                57816 (  56.46kB)
    Total RW  Size (RW Data + ZI Data)             12992 (  12.69kB)
    Total ROM Size (Code + RO Data + RW Data)      58076 (  56.71kB)

==============================================================================

